Component: ARM Compiler 5.06 update 6 (build 750) Tool: armlink [4d35ed]

==============================================================================

Section Cross References

    main.o(i.main) refers to pioinit.o(i.initGPIO) for initGPIO
    main.o(i.main) refers to adcinit.o(i.initADCinterrupt) for initADCinterrupt
    main.o(i.main) refers to pwminit.o(i.initPWM) for initPWM
    main.o(i.main) refers to functions.o(i.initSYSTICK) for initSYSTICK
    main.o(i.main) refers to lcdinit.o(i.initLCD) for initLCD
    main.o(i.main) refers to functions.o(i.delayms) for delayms
    main.o(i.main) refers to lcdinit.o(i.LCDsendString) for LCDsendString
    main.o(i.main) refers to adcinit.o(i.readADC) for readADC
    main.o(i.main) refers to converting.o(i.convert) for convert
    main.o(i.main) refers to menufunctions.o(i.LCDmenuPrint) for LCDmenuPrint
    main.o(i.main) refers to converting.o(.bss) for adReadBuffer
    main.o(i.main) refers to main.o(.data) for counter
    pioinit.o(i.PIOINT0_IRQHandler) refers to menufunctions.o(.data) for menu_pointer
    pioinit.o(i.PIOINT1_IRQHandler) refers to menufunctions.o(.data) for menu_pointer
    pioinit.o(i.initGPIO) refers to pioinit.o(i.__NVIC_EnableIRQ) for __NVIC_EnableIRQ
    pioinit.o(i.vrati_brojac) refers to pioinit.o(.data) for brojac
    lcdinit.o(i.LCDsendCmd) refers to lcdinit.o(i.LCDsendNibble) for LCDsendNibble
    lcdinit.o(i.LCDsendCmd) refers to functions.o(i.delay) for delay
    lcdinit.o(i.LCDsendData) refers to lcdinit.o(i.LCDsendNibble) for LCDsendNibble
    lcdinit.o(i.LCDsendData) refers to functions.o(i.delay) for delay
    lcdinit.o(i.LCDsendString) refers to lcdinit.o(i.LCDsendData) for LCDsendData
    lcdinit.o(i.initLCD) refers to lcdinit.o(i.LCDsendCmd) for LCDsendCmd
    lcdinit.o(i.initLCD) refers to functions.o(i.delayms) for delayms
    adcinit.o(i.ADC_IRQHandler) refers to adcinit.o(.bss) for adBuffer
    adcinit.o(i.readADC) refers to adcinit.o(.bss) for adBuffer
    functions.o(i.SysTick_Handler) refers to functions.o(.data) for msTicks
    functions.o(i.delayms) refers to aeabi_sdiv.o(.text) for __aeabi_idivmod
    functions.o(i.delayms) refers to functions.o(.data) for msTicks
    functions.o(i.delayus) refers to functions.o(.data) for msTicks
    functions.o(i.floatToStr) refers to ffixi.o(.text) for __aeabi_f2iz
    functions.o(i.floatToStr) refers to fflti.o(.text) for __aeabi_i2f
    functions.o(i.floatToStr) refers to faddsub.o(x$fpl$frsb) for __aeabi_frsub
    functions.o(i.floatToStr) refers to functions.o(i.intToStr) for intToStr
    functions.o(i.floatToStr) refers to dflti.o(.text) for __aeabi_i2d
    functions.o(i.floatToStr) refers to pow.o(i.pow) for pow
    functions.o(i.floatToStr) refers to f2d.o(.text) for __aeabi_f2d
    functions.o(i.floatToStr) refers to dmul.o(.text) for __aeabi_dmul
    functions.o(i.floatToStr) refers to d2f.o(.text) for __aeabi_d2f
    functions.o(i.initSYSTICK) refers to functions.o(i.__NVIC_SetPriority) for __NVIC_SetPriority
    functions.o(i.intToStr) refers to aeabi_sdiv.o(.text) for __aeabi_idivmod
    functions.o(i.intToStr) refers to functions.o(i.reverse) for reverse
    pireg.o(i.PIregulator) refers to daddsub.o(.text) for __aeabi_dsub
    pireg.o(i.PIregulator) refers to dmul.o(.text) for __aeabi_dmul
    pireg.o(i.PIregulator) refers to dfixi.o(.text) for __aeabi_d2iz
    pireg.o(i.PIregulator) refers to fflti.o(.text) for __aeabi_i2f
    pireg.o(i.PIregulator) refers to frlef.o(x$fpl$frleqf) for __aeabi_cfrcmple
    pireg.o(i.PIregulator) refers to dlef.o(x$fpl$dleqf) for __aeabi_cdcmple
    pireg.o(i.PIregulator) refers to faddsub.o(x$fpl$frsb) for __aeabi_frsub
    pireg.o(i.PIregulator) refers to ffixi.o(.text) for __aeabi_f2iz
    pireg.o(i.PIregulator) refers to pireg.o(.data) for error
    menufunctions.o(i.LCDmenuPrint) refers to lcdinit.o(i.LCDsendCmd) for LCDsendCmd
    menufunctions.o(i.LCDmenuPrint) refers to functions.o(i.delayus) for delayus
    menufunctions.o(i.LCDmenuPrint) refers to lcdinit.o(i.LCDsendString) for LCDsendString
    menufunctions.o(i.LCDmenuPrint) refers to menufunctions.o(.data) for menu_pointer
    menufunctions.o(i.LCDmenuPrint) refers to menufunctions.o(.bss) for adFloatBuffer
    menufunctions.o(i.LCDmenuPrint) refers to converting.o(.data) for peakCurrentSetpoint
    converting.o(i.convert) refers to fflti.o(.text) for __aeabi_i2f
    converting.o(i.convert) refers to fdiv.o(.text) for __aeabi_fdiv
    converting.o(i.convert) refers to fmul.o(x$fpl$fmul) for __aeabi_fmul
    converting.o(i.convert) refers to functions.o(i.floatToStr) for floatToStr
    converting.o(i.convert) refers to f2d.o(.text) for __aeabi_f2d
    converting.o(i.convert) refers to pireg.o(i.PIregulator) for PIregulator
    converting.o(i.convert) refers to ffixui.o(.text) for __aeabi_f2uiz
    converting.o(i.convert) refers to converting.o(.bss) for adReadBuffer
    converting.o(i.convert) refers to menufunctions.o(.bss) for adFloatBuffer
[...]
    pow.o(i.pow) refers to dmul.o(.text) for __aeabi_dmul
    pow.o(i.pow) refers to dunder.o(i.__mathlib_dbl_underflow) for __mathlib_dbl_underflow
    pow.o(i.pow) refers to daddsub.o(.text) for __aeabi_dsub
    pow.o(i.pow) refers to dscalbn.o(.text) for __ARM_scalbn
    pow.o(i.pow) refers to qnan.o(.constdata) for __mathlib_zero
    pow.o(i.pow) refers to poly.o(i.__kernel_poly) for __kernel_poly
    pow.o(i.pow) refers to drlef.o(x$fpl$drleqf) for __aeabi_cdrcmple
    pow.o(i.pow) refers to pow.o(.constdata) for .constdata
    pow.o(i.pow) refers to fpclassify.o(i.__ARM_fpclassify) for __ARM_fpclassify
    pow.o(.constdata) refers (Special) to usenofp.o(x$fpl$usenofp) for __I$use$fp
    pow_x.o(i.____softfp_pow$lsc) refers (Special) to usenofp.o(x$fpl$usenofp) for __I$use$fp
    pow_x.o(i.____softfp_pow$lsc) refers to pow_x.o(i.__pow$lsc) for __pow$lsc
    pow_x.o(i.__pow$lsc) refers (Special) to usenofp.o(x$fpl$usenofp) for __I$use$fp
    pow_x.o(i.__pow$lsc) refers to dunder.o(i.__mathlib_dbl_infnan2) for __mathlib_dbl_infnan2
    pow_x.o(i.__pow$lsc) refers to _rserrno.o(.text) for __set_errno
    pow_x.o(i.__pow$lsc) refers to ddiv.o(.text) for __aeabi_ddiv
    pow_x.o(i.__pow$lsc) refers to sqrt.o(i.sqrt) for sqrt
    pow_x.o(i.__pow$lsc) refers to dflti.o(.text) for __aeabi_i2d
    pow_x.o(i.__pow$lsc) refers to dmul.o(.text) for __aeabi_dmul
    pow_x.o(i.__pow$lsc) refers to daddsub.o(.text) for __aeabi_dsub
    pow_x.o(i.__pow$lsc) refers to dscalbn.o(.text) for __ARM_scalbn
    pow_x.o(i.__pow$lsc) refers to qnan.o(.constdata) for __mathlib_zero
    pow_x.o(i.__pow$lsc) refers to poly.o(i.__kernel_poly) for __kernel_poly
    pow_x.o(i.__pow$lsc) refers to drlef.o(x$fpl$drleqf) for __aeabi_cdrcmple
    pow_x.o(i.__pow$lsc) refers to pow_x.o(.constdata) for .constdata
    pow_x.o(.constdata) refers (Special) to usenofp.o(x$fpl$usenofp) for __I$use$fp
    __rtentry.o(.ARM.Collect$$rtentry$$00000000) refers (Special) to __rtentry2.o(.ARM.Collect$$rtentry$$0000000A) for __rt_entry_li
    __rtentry.o(.ARM.Collect$$rtentry$$00000000) refers (Special) to __rtentry2.o(.ARM.Collect$$rtentry$$0000000D) for __rt_entry_main
    __rtentry.o(.ARM.Collect$$rtentry$$00000000) refers (Special) to __rtentry2.o(.ARM.Collect$$rtentry$$0000000C) for __rt_entry_postli_1
    __rtentry.o(.ARM.Collect$$rtentry$$00000000) refers (Special) to __rtentry2.o(.ARM.Collect$$rtentry$$00000009) for __rt_entry_postsh_1
    __rtentry.o(.ARM.Collect$$rtentry$$00000000) refers (Special) to __rtentry2.o(.ARM.Collect$$rtentry$$00000002) for __rt_entry_presh_1
    __rtentry.o(.ARM.Collect$$rtentry$$00000000) refers (Special) to __rtentry4.o(.ARM.Collect$$rtentry$$00000004) for __rt_entry_sh
    aeabi_idiv0_sigfpe.o(.text) refers to rt_div0.o(.text) for __rt_div0
    _rserrno.o(.text) refers to rt_errno_addr_intlibspace.o(.text) for __aeabi_errno_addr
    dcmpin.o(.text) refers (Special) to usenofp.o(x$fpl$usenofp) for __I$use$fp
    dcmpin.o(.text) refers to cmpret.o(.text) for __fpl_cmpreturn
    dcmpin.o(.text) refers to dnan2.o(.text) for __fpl_dcheck_NaN2
    ddiv.o(.text) refers (Special) to usenofp.o(x$fpl$usenofp) for __I$use$fp
    ddiv.o(.text) refers to ddiv.o(.constdata) for .constdata
    ddiv.o(.constdata) refers (Special) to usenofp.o(x$fpl$usenofp) for __I$use$fp
    drlef.o(x$fpl$drleqf) refers (Special) to usenofp.o(x$fpl$usenofp) for __I$use$fp
    drlef.o(x$fpl$drleqf) refers to dcmpin.o(.text) for __fpl_dcmp_InfNaN
    dscalbn.o(.text) refers (Special) to usenofp.o(x$fpl$usenofp) for __I$use$fp
    fcmpin.o(.text) refers (Special) to usenofp.o(x$fpl$usenofp) for __I$use$fp
    fcmpin.o(.text) refers to cmpret.o(.text) for __fpl_cmpreturn
    fcmpin.o(.text) refers to fnan2.o(.text) for __fpl_fcheck_NaN2
    dunder.o(i.__mathlib_dbl_divzero) refers to ddiv.o(.text) for __aeabi_ddiv
    dunder.o(i.__mathlib_dbl_infnan) refers to dscalbn.o(.text) for __ARM_scalbn
    dunder.o(i.__mathlib_dbl_infnan2) refers to daddsub.o(.text) for __aeabi_dadd
    dunder.o(i.__mathlib_dbl_invalid) refers to ddiv.o(.text) for __aeabi_ddiv
    dunder.o(i.__mathlib_dbl_overflow) refers to dscalbn.o(.text) for __ARM_scalbn
    dunder.o(i.__mathlib_dbl_posinfnan) refers to dmul.o(.text) for __aeabi_dmul
    dunder.o(i.__mathlib_dbl_underflow) refers to dscalbn.o(.text) for __ARM_scalbn
    fpclassify.o(i.__ARM_fpclassify) refers (Special) to usenofp.o(x$fpl$usenofp) for __I$use$fp
    poly.o(i.__kernel_poly) refers (Special) to usenofp.o(x$fpl$usenofp) for __I$use$fp
    poly.o(i.__kernel_poly) refers to dmul.o(.text) for __aeabi_dmul
    poly.o(i.__kernel_poly) refers to daddsub.o(.text) for __aeabi_dadd
    qnan.o(.constdata) refers (Special) to usenofp.o(x$fpl$usenofp) for __I$use$fp
    sqrt.o(i.__softfp_sqrt) refers (Special) to usenofp.o(x$fpl$usenofp) for __I$use$fp
    sqrt.o(i.__softfp_sqrt) refers to dsqrt.o(.text) for _dsqrt
    sqrt.o(i.__softfp_sqrt) refers to _rserrno.o(.text) for __set_errno
    sqrt.o(i.sqrt) refers (Special) to usenofp.o(x$fpl$usenofp) for __I$use$fp
    sqrt.o(i.sqrt) refers to dsqrt.o(.text) for _dsqrt
    sqrt.o(i.sqrt) refers to _rserrno.o(.text) for __set_errno
    sqrt_x.o(i.____softfp_sqrt$lsc) refers (Special) to usenofp.o(x$fpl$usenofp) for __I$use$fp
    sqrt_x.o(i.____softfp_sqrt$lsc) refers to dlef.o(x$fpl$dleqf) for __aeabi_cdcmple
    sqrt_x.o(i.____softfp_sqrt$lsc) refers to _rserrno.o(.text) for __set_errno
    sqrt_x.o(i.____softfp_sqrt$lsc) refers to dsqrt.o(.text) for _dsqrt
    sqrt_x.o(i.__sqrt$lsc) refers (Special) to usenofp.o(x$fpl$usenofp) for __I$use$fp
    sqrt_x.o(i.__sqrt$lsc) refers to dlef.o(x$fpl$dleqf) for __aeabi_cdcmple
    sqrt_x.o(i.__sqrt$lsc) refers to _rserrno.o(.text) for __set_errno
    sqrt_x.o(i.__sqrt$lsc) refers to dsqrt.o(.text) for _dsqrt
    __rtentry2.o(.ARM.Collect$$rtentry$$00000008) refers to boardinit2.o(.text) for _platform_post_stackheap_init
    __rtentry2.o(.ARM.Collect$$rtentry$$0000000A) refers to libinit.o(.ARM.Collect$$libinit$$00000000) for __rt_lib_init
    __rtentry2.o(.ARM.Collect$$rtentry$$0000000B) refers to boardinit3.o(.text) for _platform_post_lib_init
    __rtentry2.o(.ARM.Collect$$rtentry$$0000000D) refers to main.o(i.main) for main
    __rtentry2.o(.ARM.Collect$$rtentry$$0000000D) refers to exit.o(.text) for exit
    __rtentry2.o(.ARM.exidx) refers to __rtentry2.o(.ARM.Collect$$rtentry$$00000001) for .ARM.Collect$$rtentry$$00000001
    __rtentry2.o(.ARM.exidx) refers to __rtentry2.o(.ARM.Collect$$rtentry$$00000008) for .ARM.Collect$$rtentry$$00000008
    __rtentry2.o(.ARM.exidx) refers to __rtentry2.o(.ARM.Collect$$rtentry$$0000000A) for .ARM.Collect$$rtentry$$0000000A
    __rtentry2.o(.ARM.exidx) refers to __rtentry2.o(.ARM.Collect$$rtentry$$0000000B) for .ARM.Collect$$rtentry$$0000000B
    __rtentry2.o(.ARM.exidx) refers to __rtentry2.o(.ARM.Collect$$rtentry$$0000000D) for .ARM.Collect$$rtentry$$0000000D
    __rtentry4.o(.ARM.Collect$$rtentry$$00000004) refers to sys_stackheap_outer.o(.text) for __user_setup_stackheap
    __rtentry4.o(.ARM.exidx) refers to __rtentry4.o(.ARM.Collect$$rtentry$$00000004) for .ARM.Collect$$rtentry$$00000004
    rt_div0.o(.text) refers to defsig_fpe_outer.o(.text) for __rt_SIGFPE
    rt_errno_addr.o(.text) refers to rt_errno_addr.o(.bss) for __aeabi_errno_addr_data
    rt_errno_addr_intlibspace.o(.text) refers to libspace.o(.bss) for __libspace_start
    cmpret.o(.text) refers (Special) to usenofp.o(x$fpl$usenofp) for __I$use$fp
    dnan2.o(.text) refers (Special) to usenofp.o(x$fpl$usenofp) for __I$use$fp
    dnan2.o(.text) refers to retnan.o(.text) for __fpl_return_NaN
    dsqrt.o(.text) refers (Special) to usenofp.o(x$fpl$usenofp) for __I$use$fp
    fnan2.o(.text) refers (Special) to usenofp.o(x$fpl$usenofp) for __I$use$fp
    fnan2.o(.text) refers to retnan.o(.text) for __fpl_return_NaN
    libspace.o(.text) refers to libspace.o(.bss) for __libspace_start
    sys_stackheap_outer.o(.text) refers to libspace.o(.text) for __user_perproc_libspace
    sys_stackheap_outer.o(.text) refers to startup_lpc11xx.o(.text) for __user_initial_stackheap
    sys_stackheap_outer.o(__vectab_stack_and_reset_area) refers to tempstk.o(.text) for __temporary_stack_top
    sys_stackheap_outer.o(__vectab_stack_and_reset_area) refers to __main.o(!!!main) for __main
    exit.o(.text) refers to rtexit.o(.ARM.Collect$$rtexit$$00000000) for __rt_exit
    defsig_fpe_outer.o(.text) refers to defsig_fpe_inner.o(.text) for __rt_SIGFPE_inner
    defsig_fpe_outer.o(.text) refers to defsig_exit.o(.text) for __sig_exit
    defsig_fpe_formal.o(.text) refers to rt_raise.o(.text) for __rt_raise
    libinit.o(.ARM.Collect$$libinit$$00000000) refers (Special) to libinit2.o(.ARM.Collect$$libinit$$0000002E) for __rt_lib_init_alloca_1
    libinit.o(.ARM.Collect$$libinit$$00000000) refers (Special) to libinit2.o(.ARM.Collect$$libinit$$0000002C) for __rt_lib_init_argv_1
    libinit.o(.ARM.Collect$$libinit$$00000000) refers (Special) to libinit2.o(.ARM.Collect$$libinit$$0000001B) for __rt_lib_init_atexit_1
    libinit.o(.ARM.Collect$$libinit$$00000000) refers (Special) to libinit2.o(.ARM.Collect$$libinit$$00000021) for __rt_lib_init_clock_1
    libinit.o(.ARM.Collect$$libinit$$00000000) refers (Special) to libinit2.o(.ARM.Collect$$libinit$$00000032) for __rt_lib_init_cpp_1
    libinit.o(.ARM.Collect$$libinit$$00000000) refers (Special) to libinit2.o(.ARM.Collect$$libinit$$00000030) for __rt_lib_init_exceptions_1
    libinit.o(.ARM.Collect$$libinit$$00000000) refers (Special) to libinit2.o(.ARM.Collect$$libinit$$00000002) for __rt_lib_init_fp_1
    libinit.o(.ARM.Collect$$libinit$$00000000) refers (Special) to libinit2.o(.ARM.Collect$$libinit$$0000001F) for __rt_lib_init_fp_trap_1
    libinit.o(.ARM.Collect$$libinit$$00000000) refers (Special) to libinit2.o(.ARM.Collect$$libinit$$00000023) for __rt_lib_init_getenv_1
    libinit.o(.ARM.Collect$$libinit$$00000000) refers (Special) to libinit2.o(.ARM.Collect$$libinit$$0000000A) for __rt_lib_init_heap_1
    libinit.o(.ARM.Collect$$libinit$$00000000) refers (Special) to libinit2.o(.ARM.Collect$$libinit$$00000011) for __rt_lib_init_lc_collate_1
    libinit.o(.ARM.Collect$$libinit$$00000000) refers (Special) to libinit2.o(.ARM.Collect$$libinit$$00000013) for __rt_lib_init_lc_ctype_1
    libinit.o(.ARM.Collect$$libinit$$00000000) refers (Special) to libinit2.o(.ARM.Collect$$libinit$$00000015) for __rt_lib_init_lc_monetary_1
    libinit.o(.ARM.Collect$$libinit$$00000000) refers (Special) to libinit2.o(.ARM.Collect$$libinit$$00000017) for __rt_lib_init_lc_numeric_1
    libinit.o(.ARM.Collect$$libinit$$00000000) refers (Special) to libinit2.o(.ARM.Collect$$libinit$$00000019) for __rt_lib_init_lc_time_1
    libinit.o(.ARM.Collect$$libinit$$00000000) refers (Special) to libinit2.o(.ARM.Collect$$libinit$$00000004) for __rt_lib_init_preinit_1
    libinit.o(.ARM.Collect$$libinit$$00000000) refers (Special) to libinit2.o(.ARM.Collect$$libinit$$0000000E) for __rt_lib_init_rand_1
    libinit.o(.ARM.Collect$$libinit$$00000000) refers (Special) to libinit2.o(.ARM.Collect$$libinit$$00000033) for __rt_lib_init_return
    libinit.o(.ARM.Collect$$libinit$$00000000) refers (Special) to libinit2.o(.ARM.Collect$$libinit$$0000001D) for __rt_lib_init_signal_1
    libinit.o(.ARM.Collect$$libinit$$00000000) refers (Special) to libinit2.o(.ARM.Collect$$libinit$$00000025) for __rt_lib_init_stdio_1
    libinit.o(.ARM.Collect$$libinit$$00000000) refers (Special) to libinit2.o(.ARM.Collect$$libinit$$0000000C) for __rt_lib_init_user_alloc_1
    retnan.o(.text) refers (Special) to usenofp.o(x$fpl$usenofp) for __I$use$fp
    retnan.o(.text) refers to cmpret.o(.text) for __fpl_cmpreturn
    rtexit.o(.ARM.Collect$$rtexit$$00000000) refers (Special) to rtexit2.o(.ARM.Collect$$rtexit$$00000004) for __rt_exit_exit
    rtexit.o(.ARM.Collect$$rtexit$$00000000) refers (Special) to rtexit2.o(.ARM.Collect$$rtexit$$00000003) for __rt_exit_ls
    rtexit.o(.ARM.Collect$$rtexit$$00000000) refers (Special) to rtexit2.o(.ARM.Collect$$rtexit$$00000002) for __rt_exit_prels_1
    rtexit.o(.ARM.exidx) refers (Special) to rtexit2.o(.ARM.Collect$$rtexit$$00000004) for __rt_exit_exit
    rtexit.o(.ARM.exidx) refers (Special) to rtexit2.o(.ARM.Collect$$rtexit$$00000003) for __rt_exit_ls
    rtexit.o(.ARM.exidx) refers (Special) to rtexit2.o(.ARM.Collect$$rtexit$$00000002) for __rt_exit_prels_1
    rtexit.o(.ARM.exidx) refers to rtexit.o(.ARM.Collect$$rtexit$$00000000) for .ARM.Collect$$rtexit$$00000000
    rt_raise.o(.text) refers to __raise.o(.text) for __raise
    rt_raise.o(.text) refers to sys_exit.o(.text) for _sys_exit
    defsig_exit.o(.text) refers to sys_exit.o(.text) for _sys_exit
    defsig_fpe_inner.o(.text) refers to defsig_general.o(.text) for __default_signal_display
    libinit2.o(.ARM.Collect$$libinit$$00000010) refers to libinit2.o(.ARM.Collect$$libinit$$0000000F) for .ARM.Collect$$libinit$$0000000F
    libinit2.o(.ARM.Collect$$libinit$$00000012) refers to libinit2.o(.ARM.Collect$$libinit$$0000000F) for .ARM.Collect$$libinit$$0000000F
    libinit2.o(.ARM.Collect$$libinit$$00000014) refers to libinit2.o(.ARM.Collect$$libinit$$0000000F) for .ARM.Collect$$libinit$$0000000F
    libinit2.o(.ARM.Collect$$libinit$$00000016) refers to libinit2.o(.ARM.Collect$$libinit$$0000000F) for .ARM.Collect$$libinit$$0000000F
    libinit2.o(.ARM.Collect$$libinit$$00000018) refers to libinit2.o(.ARM.Collect$$libinit$$0000000F) for .ARM.Collect$$libinit$$0000000F
    libinit2.o(.ARM.Collect$$libinit$$00000026) refers to argv_veneer.o(.text) for __ARM_argv_veneer
    libinit2.o(.ARM.Collect$$libinit$$00000027) refers to argv_veneer.o(.text) for __ARM_argv_veneer
    sys_exit.o(.text) refers (Special) to use_no_semi.o(.text) for __I$use$semihosting
    sys_exit.o(.text) refers (Special) to indicate_semi.o(.text) for __semihosting_library_function
    rtexit2.o(.ARM.Collect$$rtexit$$00000003) refers to libshutdown.o(.ARM.Collect$$libshutdown$$00000000) for __rt_lib_shutdown
    rtexit2.o(.ARM.Collect$$rtexit$$00000004) refers to sys_exit.o(.text) for _sys_exit
    rtexit2.o(.ARM.exidx) refers to rtexit2.o(.ARM.Collect$$rtexit$$00000001) for .ARM.Collect$$rtexit$$00000001
    rtexit2.o(.ARM.exidx) refers to rtexit2.o(.ARM.Collect$$rtexit$$00000003) for .ARM.Collect$$rtexit$$00000003
    rtexit2.o(.ARM.exidx) refers to rtexit2.o(.ARM.Collect$$rtexit$$00000004) for .ARM.Collect$$rtexit$$00000004
    __raise.o(.text) refers to defsig.o(CL$$defsig) for __default_signal_handler
    defsig_general.o(.text) refers to sys_wrch.o(.text) for _ttywrch
    sys_wrch.o(.text) refers (Special) to use_no_semi.o(.text) for __I$use$semihosting
    sys_wrch.o(.text) refers (Special) to indicate_semi.o(.text) for __semihosting_library_function
    defsig.o(CL$$defsig) refers to defsig_fpe_inner.o(.text) for __rt_SIGFPE_inner
    defsig.o(CL$$defsig) refers to defsig_rtmem_inner.o(.text) for __rt_SIGRTMEM_inner
    _get_argv_nomalloc.o(.text) refers (Special) to hrguard.o(.text) for __heap_region$guard
    _get_argv_nomalloc.o(.text) refers to defsig_rtmem_outer.o(.text) for __rt_SIGRTMEM
    _get_argv_nomalloc.o(.text) refers to sys_command.o(.text) for _sys_command_string
    libshutdown.o(.ARM.Collect$$libshutdown$$00000000) refers (Special) to libshutdown2.o(.ARM.Collect$$libshutdown$$00000002) for __rt_lib_shutdown_cpp_1
    libshutdown.o(.ARM.Collect$$libshutdown$$00000000) refers (Special) to libshutdown2.o(.ARM.Collect$$libshutdown$$00000007) for __rt_lib_shutdown_fp_trap_1
    libshutdown.o(.ARM.Collect$$libshutdown$$00000000) refers (Special) to libshutdown2.o(.ARM.Collect$$libshutdown$$0000000F) for __rt_lib_shutdown_heap_1
    libshutdown.o(.ARM.Collect$$libshutdown$$00000000) refers (Special) to libshutdown2.o(.ARM.Collect$$libshutdown$$00000010) for __rt_lib_shutdown_return
    libshutdown.o(.ARM.Collect$$libshutdown$$00000000) refers (Special) to libshutdown2.o(.ARM.Collect$$libshutdown$$0000000A) for __rt_lib_shutdown_signal_1
    libshutdown.o(.ARM.Collect$$libshutdown$$00000000) refers (Special) to libshutdown2.o(.ARM.Collect$$libshutdown$$00000004) for __rt_lib_shutdown_stdio_1
    libshutdown.o(.ARM.Collect$$libshutdown$$00000000) refers (Special) to libshutdown2.o(.ARM.Collect$$libshutdown$$0000000C) for __rt_lib_shutdown_user_alloc_1
    sys_command.o(.text) refers (Special) to use_no_semi.o(.text) for __I$use$semihosting
    sys_command.o(.text) refers (Special) to indicate_semi.o(.text) for __semihosting_library_function
    defsig_abrt_inner.o(.text) refers to defsig_general.o(.text) for __default_signal_display
    defsig_rtred_inner.o(.text) refers to defsig_general.o(.text) for __default_signal_display
    defsig_rtmem_inner.o(.text) refers to defsig_general.o(.text) for __default_signal_display
    defsig_rtmem_outer.o(.text) refers to defsig_rtmem_inner.o(.text) for __rt_SIGRTMEM_inner
    defsig_rtmem_outer.o(.text) refers to defsig_exit.o(.text) for __sig_exit
    defsig_rtmem_formal.o(.text) refers to rt_raise.o(.text) for __rt_raise
    defsig_stak_inner.o(.text) refers to defsig_general.o(.text) for __default_signal_display
    defsig_pvfn_inner.o(.text) refers to defsig_general.o(.text) for __default_signal_display
    defsig_cppl_inner.o(.text) refers to defsig_general.o(.text) for __default_signal_display
    defsig_segv_inner.o(.text) refers to defsig_general.o(.text) for __default_signal_display
    defsig_other.o(.text) refers to defsig_general.o(.text) for __default_signal_display


==============================================================================

Removing Unused input sections from the image.

    Removing main.o(.rev16_text), (4 bytes).
    Removing main.o(.revsh_text), (4 bytes).
    Removing pioinit.o(.rev16_text), (4 bytes).
    Removing pioinit.o(.revsh_text), (4 bytes).
    Removing pioinit.o(i.vrati_brojac), (12 bytes).
    Removing pioinit.o(.data), (4 bytes).
    Removing lcdinit.o(.rev16_text), (4 bytes).
    Removing lcdinit.o(.revsh_text), (4 bytes).
    Removing pwminit.o(.rev16_text), (4 bytes).
    Removing pwminit.o(.revsh_text), (4 bytes).
    Removing adcinit.o(.rev16_text), (4 bytes).
    Removing adcinit.o(.revsh_text), (4 bytes).
    Removing adcinit.o(i.initADC), (92 bytes).
    Removing functions.o(.rev16_text), (4 bytes).
    Removing functions.o(.revsh_text), (4 bytes).
    Removing pireg.o(.rev16_text), (4 bytes).
    Removing pireg.o(.revsh_text), (4 bytes).
    Removing menufunctions.o(.rev16_text), (4 bytes).
    Removing menufunctions.o(.revsh_text), (4 bytes).
    Removing converting.o(.rev16_text), (4 bytes).
    Removing converting.o(.revsh_text), (4 bytes).
    Removing system_lpc11xx.o(.rev16_text), (4 bytes).
    Removing system_lpc11xx.o(.revsh_text), (4 bytes).
    Removing system_lpc11xx.o(i.SystemCoreClockUpdate), (440 bytes).
    Removing system_lpc11xx.o(.data), (4 bytes).
    Removing system_lpc11xx.o(i.__ARM_common_switch8), (28 bytes).

26 unused section(s) (total 660 bytes) removed from the image.

==============================================================================

Image Symbol Table

    Local Symbols

    Symbol Name                              Value     Ov Type        Size  Object(Section)

    RESET                                    0x00000000   Section      192  startup_lpc11xx.o(RESET)
    ../clib/../cmprslib/zerorunl2.c          0x00000000   Number         0  __dczerorl2.o ABSOLUTE
    ../clib/angel/boardlib.s                 0x00000000   Number         0  boardinit2.o ABSOLUTE
    ../clib/angel/boardlib.s                 0x00000000   Number         0  boardinit3.o ABSOLUTE
    ../clib/angel/boardlib.s                 0x00000000   Number         0  boardshut.o ABSOLUTE
    ../clib/angel/boardlib.s                 0x00000000   Number         0  boardinit1.o ABSOLUTE
    ../clib/angel/handlers.s                 0x00000000   Number         0  __scatter_zi.o ABSOLUTE
    ../clib/angel/kernel.s                   0x00000000   Number         0  rtexit.o ABSOLUTE
    ../clib/angel/kernel.s                   0x00000000   Number         0  __rtentry2.o ABSOLUTE
    ../clib/angel/kernel.s                   0x00000000   Number         0  __rtentry4.o ABSOLUTE
    ../clib/angel/kernel.s                   0x00000000   Number         0  rtexit2.o ABSOLUTE
    ../clib/angel/kernel.s                   0x00000000   Number         0  __rtentry.o ABSOLUTE
    ../clib/angel/rt.s                       0x00000000   Number         0  aeabi_idiv0.o ABSOLUTE
    ../clib/angel/rt.s                       0x00000000   Number         0  aeabi_idiv0_sigfpe.o ABSOLUTE
    ../clib/angel/rt.s                       0x00000000   Number         0  rt_raise.o ABSOLUTE
    ../clib/angel/rt.s                       0x00000000   Number         0  rt_errno_addr_intlibspace.o ABSOLUTE
    ../clib/angel/rt.s                       0x00000000   Number         0  rt_errno_addr.o ABSOLUTE
    ../clib/angel/rt.s                       0x00000000   Number         0  rt_div0.o ABSOLUTE
    ../clib/angel/scatterp.s                 0x00000000   Number         0  __scatter.o ABSOLUTE
    ../clib/angel/startup.s                  0x00000000   Number         0  __main.o ABSOLUTE
    ../clib/angel/sys.s                      0x00000000   Number         0  tempstk.o ABSOLUTE
    ../clib/angel/sys.s                      0x00000000   Number         0  use_no_semi.o ABSOLUTE
    ../clib/angel/sys.s                      0x00000000   Number         0  indicate_semi.o ABSOLUTE
    ../clib/angel/sys.s                      0x00000000   Number         0  sys_stackheap_outer.o ABSOLUTE
    ../clib/angel/sys.s                      0x00000000   Number         0  libspace.o ABSOLUTE
    ../clib/angel/sysapp.c                   0x00000000   Number         0  sys_wrch.o ABSOLUTE
    ../clib/angel/sysapp.c                   0x00000000   Number         0  sys_exit.o ABSOLUTE
    ../clib/angel/sysapp.c                   0x00000000   Number         0  sys_command.o ABSOLUTE
    ../clib/armsys.c                         0x00000000   Number         0  _get_argv_nomalloc.o ABSOLUTE
    ../clib/armsys.c                         0x00000000   Number         0  no_argv.o ABSOLUTE
    ../clib/armsys.c                         0x00000000   Number         0  argv_veneer.o ABSOLUTE
    ../clib/division.s                       0x00000000   Number         0  aeabi_sdiv.o ABSOLUTE
    ../clib/division.s                       0x00000000   Number         0  aeabi_sdiv_div0.o ABSOLUTE
    ../clib/fenv.c                           0x00000000   Number         0  _rserrno.o ABSOLUTE
    ../clib/heapalloc.c                      0x00000000   Number         0  hrguard.o ABSOLUTE
    ../clib/heapaux.c                        0x00000000   Number         0  heapauxi.o ABSOLUTE
    ../clib/libinit.s                        0x00000000   Number         0  libinit.o ABSOLUTE
    ../clib/libinit.s                        0x00000000   Number         0  libshutdown.o ABSOLUTE
    ../clib/libinit.s                        0x00000000   Number         0  libshutdown2.o ABSOLUTE
    ../clib/libinit.s                        0x00000000   Number         0  libinit2.o ABSOLUTE
    ../clib/signal.c                         0x00000000   Number         0  __raise.o ABSOLUTE
    ../clib/signal.c                         0x00000000   Number         0  defsig_general.o ABSOLUTE
    ../clib/signal.c                         0x00000000   Number         0  defsig_rtmem_outer.o ABSOLUTE
    ../clib/signal.c                         0x00000000   Number         0  defsig_rtmem_inner.o ABSOLUTE
    ../clib/signal.c                         0x00000000   Number         0  defsig_rtred_inner.o ABSOLUTE
    ../clib/signal.c                         0x00000000   Number         0  defsig_abrt_inner.o ABSOLUTE
    ../clib/signal.c                         0x00000000   Number         0  defsig_exit.o ABSOLUTE
    ../clib/signal.c                         0x00000000   Number         0  defsig_fpe_inner.o ABSOLUTE
    ../clib/signal.c                         0x00000000   Number         0  defsig_fpe_formal.o ABSOLUTE
    ../clib/signal.c                         0x00000000   Number         0  defsig_fpe_outer.o ABSOLUTE
    ../clib/signal.c                         0x00000000   Number         0  defsig_other.o ABSOLUTE
    ../clib/signal.c                         0x00000000   Number         0  defsig_segv_inner.o ABSOLUTE
    ../clib/signal.c                         0x00000000   Number         0  defsig_cppl_inner.o ABSOLUTE
    ../clib/signal.c                         0x00000000   Number         0  defsig_pvfn_inner.o ABSOLUTE
    ../clib/signal.c                         0x00000000   Number         0  defsig_stak_inner.o ABSOLUTE
    ../clib/signal.c                         0x00000000   Number         0  defsig_rtmem_formal.o ABSOLUTE
    ../clib/signal.s                         0x00000000   Number         0  defsig.o ABSOLUTE
    ../clib/stdlib.c                         0x00000000   Number         0  exit.o ABSOLUTE
    ../fplib/cfplib/cmpret.c                 0x00000000   Number         0  cmpret.o ABSOLUTE
    ../fplib/cfplib/d2f.c                    0x00000000   Number         0  d2f.o ABSOLUTE
    ../fplib/cfplib/daddsub.c                0x00000000   Number         0  daddsub.o ABSOLUTE
    ../fplib/cfplib/dcmpin.c                 0x00000000   Number         0  dcmpin.o ABSOLUTE
    ../fplib/cfplib/ddiv.c                   0x00000000   Number         0  ddiv.o ABSOLUTE
    ../fplib/cfplib/dmul.c                   0x00000000   Number         0  dmul.o ABSOLUTE
    ../fplib/cfplib/dsqrt.c                  0x00000000   Number         0  dsqrt.o ABSOLUTE
    ../fplib/cfplib/f2d.c                    0x00000000   Number         0  f2d.o ABSOLUTE
    ../fplib/cfplib/fcmpin.c                 0x00000000   Number         0  fcmpin.o ABSOLUTE
    ../fplib/cfplib/fdiv.c                   0x00000000   Number         0  fdiv.o ABSOLUTE
    ../fplib/cfplib/ffix.c                   0x00000000   Number         0  dfixi.o ABSOLUTE
    ../fplib/cfplib/ffix.c                   0x00000000   Number         0  ffixi.o ABSOLUTE
    ../fplib/cfplib/ffix.c                   0x00000000   Number         0  ffixui.o ABSOLUTE
    ../fplib/cfplib/fflt.c                   0x00000000   Number         0  fflti.o ABSOLUTE
    ../fplib/cfplib/fflt.c                   0x00000000   Number         0  dflti.o ABSOLUTE
    ../fplib/cfplib/fpinit.c                 0x00000000   Number         0  fpinit.o ABSOLUTE
    ../fplib/cfplib/nan2.c                   0x00000000   Number         0  dnan2.o ABSOLUTE
    ../fplib/cfplib/nan2.c                   0x00000000   Number         0  fnan2.o ABSOLUTE
    ../fplib/cfplib/retnan.c                 0x00000000   Number         0  retnan.o ABSOLUTE
    ../fplib/cfplib/scalbn.c                 0x00000000   Number         0  dscalbn.o ABSOLUTE
    ../fplib/dleqf6m.s                       0x00000000   Number         0  dlef.o ABSOLUTE
    ../fplib/drleqf6m.s                      0x00000000   Number         0  drlef.o ABSOLUTE
    ../fplib/faddsub6m.s                     0x00000000   Number         0  faddsub.o ABSOLUTE
    ../fplib/fmul6m.s                        0x00000000   Number         0  fmul.o ABSOLUTE
    ../fplib/frleqf6m.s                      0x00000000   Number         0  frlef.o ABSOLUTE
    ../fplib/usenofp.s                       0x00000000   Number         0  usenofp.o ABSOLUTE
    ../mathlib/dunder.c                      0x00000000   Number         0  dunder.o ABSOLUTE
    ../mathlib/fpclassify.c                  0x00000000   Number         0  fpclassify.o ABSOLUTE
    ../mathlib/poly.c                        0x00000000   Number         0  poly.o ABSOLUTE
    ../mathlib/pow.c                         0x00000000   Number         0  pow.o ABSOLUTE
    ../mathlib/pow.c                         0x00000000   Number         0  pow_x.o ABSOLUTE
    ../mathlib/qnan.c                        0x00000000   Number         0  qnan.o ABSOLUTE
    ../mathlib/sqrt.c                        0x00000000   Number         0  sqrt_x.o ABSOLUTE
    ../mathlib/sqrt.c                        0x00000000   Number         0  sqrt.o ABSOLUTE
    RTE\Device\LPC1112FD20_102\startup_LPC11xx.s 0x00000000   Number         0  startup_lpc11xx.o ABSOLUTE
    RTE\Device\LPC1112FD20_102\system_LPC11xx.c 0x00000000   Number         0  system_lpc11xx.o ABSOLUTE
    RTE\\Device\\LPC1112FD20_102\\system_LPC11xx.c 0x00000000   Number         0  system_lpc11xx.o ABSOLUTE
    Source\ADCinit.c                         0x00000000   Number         0  adcinit.o ABSOLUTE
    Source\Functions.c                       0x00000000   Number         0  functions.o ABSOLUTE
    Source\LCDinit.c                         0x00000000   Number         0  lcdinit.o ABSOLUTE
    Source\PIOinit.c                         0x00000000   Number         0  pioinit.o ABSOLUTE
    Source\PIreg.c                           0x00000000   Number         0  pireg.o ABSOLUTE
    Source\PWMinit.c                         0x00000000   Number         0  pwminit.o ABSOLUTE
    Source\\ADCinit.c                        0x00000000   Number         0  adcinit.o ABSOLUTE
    Source\\Functions.c                      0x00000000   Number         0  functions.o ABSOLUTE
    Source\\LCDinit.c                        0x00000000   Number         0  lcdinit.o ABSOLUTE
    Source\\PIOinit.c                        0x00000000   Number         0  pioinit.o ABSOLUTE
    Source\\PIreg.c                          0x00000000   Number         0  pireg.o ABSOLUTE
    Source\\PWMinit.c                        0x00000000   Number         0  pwminit.o ABSOLUTE
    Source\\converting.c                     0x00000000   Number         0  converting.o ABSOLUTE
    Source\\main.c                           0x00000000   Number         0  main.o ABSOLUTE
    Source\\menuFunctions.c                  0x00000000   Number         0  menufunctions.o ABSOLUTE
    Source\converting.c                      0x00000000   Number         0  converting.o ABSOLUTE
    Source\main.c                            0x00000000   Number         0  main.o ABSOLUTE
    Source\menuFunctions.c                   0x00000000   Number         0  menufunctions.o ABSOLUTE
    dc.s                                     0x00000000   Number         0  dc.o ABSOLUTE
    !!!main                                  0x000000c0   Section        8  __main.o(!!!main)
    !!!scatter                               0x000000c8   Section       60  __scatter.o(!!!scatter)
    !!handler_zi                             0x00000104   Section       28  __scatter_zi.o(!!handler_zi)
    .ARM.Collect$$libinit$$00000000          0x00000120   Section        2  libinit.o(.ARM.Collect$$libinit$$00000000)
    .ARM.Collect$$libinit$$00000002          0x00000122   Section        0  libinit2.o(.ARM.Collect$$libinit$$00000002)
    .ARM.Collect$$libinit$$00000004          0x00000122   Section        0  libinit2.o(.ARM.Collect$$libinit$$00000004)
    .ARM.Collect$$libinit$$0000000A          0x00000122   Section        0  libinit2.o(.ARM.Collect$$libinit$$0000000A)
    .ARM.Collect$$libinit$$0000000C          0x00000122   Section        0  libinit2.o(.ARM.Collect$$libinit$$0000000C)
    .ARM.Collect$$libinit$$0000000E          0x00000122   Section        0  libinit2.o(.ARM.Collect$$libinit$$0000000E)
    .ARM.Collect$$libinit$$00000011          0x00000122   Section        0  libinit2.o(.ARM.Collect$$libinit$$00000011)
    .ARM.Collect$$libinit$$00000013          0x00000122   Section        0  libinit2.o(.ARM.Collect$$libinit$$00000013)
    .ARM.Collect$$libinit$$00000015          0x00000122   Section        0  libinit2.o(.ARM.Collect$$libinit$$00000015)
    .ARM.Collect$$libinit$$00000017          0x00000122   Section        0  libinit2.o(.ARM.Collect$$libinit$$00000017)
    .ARM.Collect$$libinit$$00000019          0x00000122   Section        0  libinit2.o(.ARM.Collect$$libinit$$00000019)
    .ARM.Collect$$libinit$$0000001B          0x00000122   Section        0  libinit2.o(.ARM.Collect$$libinit$$0000001B)
    .ARM.Collect$$libinit$$0000001D          0x00000122   Section        0  libinit2.o(.ARM.Collect$$libinit$$0000001D)
    .ARM.Collect$$libinit$$0000001F          0x00000122   Section        0  libinit2.o(.ARM.Collect$$libinit$$0000001F)
    .ARM.Collect$$libinit$$00000021          0x00000122   Section        0  libinit2.o(.ARM.Collect$$libinit$$00000021)
    .ARM.Collect$$libinit$$00000023          0x00000122   Section        0  libinit2.o(.ARM.Collect$$libinit$$00000023)
    .ARM.Collect$$libinit$$00000025          0x00000122   Section        0  libinit2.o(.ARM.Collect$$libinit$$00000025)
    .ARM.Collect$$libinit$$0000002C          0x00000122   Section        0  libinit2.o(.ARM.Collect$$libinit$$0000002C)
    .ARM.Collect$$libinit$$0000002E          0x00000122   Section        0  libinit2.o(.ARM.Collect$$libinit$$0000002E)
    .ARM.Collect$$libinit$$00000030          0x00000122   Section        0  libinit2.o(.ARM.Collect$$libinit$$00000030)
    .ARM.Collect$$libinit$$00000032          0x00000122   Section        0  libinit2.o(.ARM.Collect$$libinit$$00000032)
    .ARM.Collect$$libinit$$00000033          0x00000122   Section        2  libinit2.o(.ARM.Collect$$libinit$$00000033)
    .ARM.Collect$$libshutdown$$00000000      0x00000124   Section        2  libshutdown.o(.ARM.Collect$$libshutdown$$00000000)
    .ARM.Collect$$libshutdown$$00000002      0x00000126   Section        0  libshutdown2.o(.ARM.Collect$$libshutdown$$00000002)
    .ARM.Collect$$libshutdown$$00000004      0x00000126   Section        0  libshutdown2.o(.ARM.Collect$$libshutdown$$00000004)
    .ARM.Collect$$libshutdown$$00000007      0x00000126   Section        0  libshutdown2.o(.ARM.Collect$$libshutdown$$00000007)
    .ARM.Collect$$libshutdown$$0000000A      0x00000126   Section        0  libshutdown2.o(.ARM.Collect$$libshutdown$$0000000A)
    .ARM.Collect$$libshutdown$$0000000C      0x00000126   Section        0  libshutdown2.o(.ARM.Collect$$libshutdown$$0000000C)
    .ARM.Collect$$libshutdown$$0000000F      0x00000126   Section        0  libshutdown2.o(.ARM.Collect$$libshutdown$$0000000F)
    .ARM.Collect$$libshutdown$$00000010      0x00000126   Section        2  libshutdown2.o(.ARM.Collect$$libshutdown$$00000010)
    .ARM.Collect$$rtentry$$00000000          0x00000128   Section        0  __rtentry.o(.ARM.Collect$$rtentry$$00000000)
    .ARM.Collect$$rtentry$$00000002          0x00000128   Section        0  __rtentry2.o(.ARM.Collect$$rtentry$$00000002)
    .ARM.Collect$$rtentry$$00000004          0x00000128   Section        6  __rtentry4.o(.ARM.Collect$$rtentry$$00000004)
    .ARM.Collect$$rtentry$$00000009          0x0000012e   Section        0  __rtentry2.o(.ARM.Collect$$rtentry$$00000009)
    .ARM.Collect$$rtentry$$0000000A          0x0000012e   Section        4  __rtentry2.o(.ARM.Collect$$rtentry$$0000000A)
    .ARM.Collect$$rtentry$$0000000C          0x00000132   Section        0  __rtentry2.o(.ARM.Collect$$rtentry$$0000000C)
    .ARM.Collect$$rtentry$$0000000D          0x00000132   Section        8  __rtentry2.o(.ARM.Collect$$rtentry$$0000000D)
    .ARM.Collect$$rtexit$$00000000           0x0000013a   Section        2  rtexit.o(.ARM.Collect$$rtexit$$00000000)
    .ARM.Collect$$rtexit$$00000002           0x0000013c   Section        0  rtexit2.o(.ARM.Collect$$rtexit$$00000002)
    .ARM.Collect$$rtexit$$00000003           0x0000013c   Section        4  rtexit2.o(.ARM.Collect$$rtexit$$00000003)
    .ARM.Collect$$rtexit$$00000004           0x00000140   Section        6  rtexit2.o(.ARM.Collect$$rtexit$$00000004)
    .text                                    0x00000148   Section       52  startup_lpc11xx.o(.text)
    .text                                    0x0000017c   Section      346  aeabi_sdiv.o(.text)
    .text                                    0x000002d6   Section        0  heapauxi.o(.text)
    .text                                    0x000002dc   Section        0  _rserrno.o(.text)
    .text                                    0x000002f4   Section        8  rt_errno_addr_intlibspace.o(.text)
    .ARM.__at_0x02FC                         0x000002fc   Section        4  startup_lpc11xx.o(.ARM.__at_0x02FC)
    .text                                    0x00000300   Section        0  d2f.o(.text)
    .text                                    0x0000037c   Section        0  daddsub.o(.text)
    _dadd1                                   0x0000037d   Thumb Code   290  daddsub.o(.text)
    _dsub1                                   0x0000049f   Thumb Code   470  daddsub.o(.text)
    .text                                    0x000006d4   Section        0  dfixi.o(.text)
    .text                                    0x00000740   Section        0  dflti.o(.text)
    .text                                    0x00000798   Section        0  dmul.o(.text)
    .text                                    0x000009e0   Section        0  f2d.o(.text)
    .text                                    0x00000a34   Section        0  fdiv.o(.text)
    .text                                    0x00000b94   Section        0  ffixi.o(.text)
    .text                                    0x00000be0   Section        0  ffixui.o(.text)
    .text                                    0x00000c10   Section        0  fflti.o(.text)
    .text                                    0x00000c70   Section        0  dcmpin.o(.text)
    .text                                    0x00000d00   Section        0  ddiv.o(.text)
    .text                                    0x00001148   Section        0  dscalbn.o(.text)
    .text                                    0x000011a8   Section        0  fcmpin.o(.text)
    .text                                    0x0000120c   Section        0  cmpret.o(.text)
    .text                                    0x0000123c   Section        0  dnan2.o(.text)
    .text                                    0x00001250   Section        0  dsqrt.o(.text)
    .text                                    0x00001350   Section        0  fnan2.o(.text)
    .text                                    0x00001360   Section        8  libspace.o(.text)
    .text                                    0x00001368   Section       62  sys_stackheap_outer.o(.text)
    .text                                    0x000013a6   Section        0  exit.o(.text)
    .text                                    0x000013b6   Section        0  retnan.o(.text)
    .text                                    0x00001414   Section        0  sys_exit.o(.text)
    .text                                    0x00001420   Section        2  use_no_semi.o(.text)
    .text                                    0x00001422   Section        0  indicate_semi.o(.text)
    .text                                    0x00001422   Section        0  __dczerorl2.o(.text)
    i.ADC_IRQHandler                         0x00001478   Section        0  adcinit.o(i.ADC_IRQHandler)
    i.LCDmenuPrint                           0x000014dc   Section        0  menufunctions.o(i.LCDmenuPrint)
    i.LCDsendCmd                             0x000016d0   Section        0  lcdinit.o(i.LCDsendCmd)
    i.LCDsendData                            0x0000174c   Section        0  lcdinit.o(i.LCDsendData)
    i.LCDsendNibble                          0x000017c8   Section        0  lcdinit.o(i.LCDsendNibble)
    i.LCDsendString                          0x0000182c   Section        0  lcdinit.o(i.LCDsendString)
    i.PIOINT0_IRQHandler                     0x00001844   Section        0  pioinit.o(i.PIOINT0_IRQHandler)
    i.PIOINT1_IRQHandler                     0x00001908   Section        0  pioinit.o(i.PIOINT1_IRQHandler)
    i.PIregulator                            0x0000194c   Section        0  pireg.o(i.PIregulator)
    i.SysTick_Handler                        0x00001a28   Section        0  functions.o(i.SysTick_Handler)
    i.SystemInit                             0x00001a48   Section        0  system_lpc11xx.o(i.SystemInit)
    i.__ARM_fpclassify                       0x00001a94   Section        0  fpclassify.o(i.__ARM_fpclassify)
    i.__NVIC_EnableIRQ                       0x00001ac0   Section        0  pioinit.o(i.__NVIC_EnableIRQ)
    __NVIC_EnableIRQ                         0x00001ac1   Thumb Code    18  pioinit.o(i.__NVIC_EnableIRQ)
    i.__NVIC_SetPriority                     0x00001ad8   Section        0  functions.o(i.__NVIC_SetPriority)
    __NVIC_SetPriority                       0x00001ad9   Thumb Code   110  functions.o(i.__NVIC_SetPriority)
    i.__kernel_poly                          0x00001b50   Section        0  poly.o(i.__kernel_poly)
    i.__mathlib_dbl_divzero                  0x00001bfc   Section        0  dunder.o(i.__mathlib_dbl_divzero)
    i.__mathlib_dbl_infnan2                  0x00001c10   Section        0  dunder.o(i.__mathlib_dbl_infnan2)
    i.__mathlib_dbl_invalid                  0x00001c18   Section        0  dunder.o(i.__mathlib_dbl_invalid)
    i.__mathlib_dbl_overflow                 0x00001c28   Section        0  dunder.o(i.__mathlib_dbl_overflow)
    i.__mathlib_dbl_underflow                0x00001c3c   Section        0  dunder.o(i.__mathlib_dbl_underflow)
    i.convert                                0x00001c50   Section        0  converting.o(i.convert)
    i.delay                                  0x00001dbc   Section        0  functions.o(i.delay)
    i.delayms                                0x00001dc8   Section        0  functions.o(i.delayms)
    i.delayus                                0x00001df8   Section        0  functions.o(i.delayus)
    i.floatToStr                             0x00001e20   Section        0  functions.o(i.floatToStr)
    i.initADCinterrupt                       0x00001ea8   Section        0  adcinit.o(i.initADCinterrupt)
    i.initGPIO                               0x00001f28   Section        0  pioinit.o(i.initGPIO)
    i.initLCD                                0x00002010   Section        0  lcdinit.o(i.initLCD)
    i.initPWM                                0x00002068   Section        0  pwminit.o(i.initPWM)
    i.initSYSTICK                            0x000020d8   Section        0  functions.o(i.initSYSTICK)
    i.intToStr                               0x000020f8   Section        0  functions.o(i.intToStr)
    i.main                                   0x00002140   Section        0  main.o(i.main)
    i.pow                                    0x000021c8   Section        0  pow.o(i.pow)
    i.readADC                                0x00002bc4   Section        0  adcinit.o(i.readADC)
    i.reverse                                0x00002be0   Section        0  functions.o(i.reverse)
    i.sqrt                                   0x00002bfc   Section        0  sqrt.o(i.sqrt)
    x$fpl$dleqf                              0x00002c44   Section      100  dlef.o(x$fpl$dleqf)
    x$fpl$drleqf                             0x00002ca8   Section      104  drlef.o(x$fpl$drleqf)
    x$fpl$fadd                               0x00002d10   Section      140  faddsub.o(x$fpl$fadd)
    _fadd1                                   0x00002d1d   Thumb Code     0  faddsub.o(x$fpl$fadd)
    x$fpl$fmul                               0x00002d9c   Section      176  fmul.o(x$fpl$fmul)
    x$fpl$frleqf                             0x00002e4c   Section       88  frlef.o(x$fpl$frleqf)
    x$fpl$frsb                               0x00002ea4   Section       24  faddsub.o(x$fpl$frsb)
    x$fpl$fsub                               0x00002ebc   Section      208  faddsub.o(x$fpl$fsub)
    _fsub1                                   0x00002ec9   Thumb Code     0  faddsub.o(x$fpl$fsub)
    .constdata                               0x00002f8c   Section       64  fdiv.o(.constdata)
    x$fpl$usenofp                            0x00002f8c   Section        0  usenofp.o(x$fpl$usenofp)
    fdiv_tab                                 0x00002f8c   Data          64  fdiv.o(.constdata)
    .constdata                               0x00002fd0   Section      136  pow.o(.constdata)
    bp                                       0x00002fd0   Data          16  pow.o(.constdata)
    dp_h                                     0x00002fe0   Data          16  pow.o(.constdata)
    dp_l                                     0x00002ff0   Data          16  pow.o(.constdata)
    L                                        0x00003000   Data          48  pow.o(.constdata)
    P                                        0x00003030   Data          40  pow.o(.constdata)
    .constdata                               0x00003058   Section      128  ddiv.o(.constdata)
    ddiv_reciptbl                            0x00003058   Data         128  ddiv.o(.constdata)
    .constdata                               0x000030d8   Section        8  qnan.o(.constdata)
    .data                                    0x10000000   Section        4  main.o(.data)
    .data                                    0x10000004   Section       12  functions.o(.data)
    .data                                    0x10000010   Section       16  pireg.o(.data)
    .data                                    0x10000020   Section      452  menufunctions.o(.data)
    .data                                    0x100001e4   Section       12  converting.o(.data)
    .bss                                     0x100001f0   Section       12  adcinit.o(.bss)
    .bss                                     0x100001fc   Section       12  menufunctions.o(.bss)
    .bss                                     0x10000208   Section       12  converting.o(.bss)
    .bss                                     0x10000214   Section       96  libspace.o(.bss)
    HEAP                                     0x10000278   Section        0  startup_lpc11xx.o(HEAP)
    STACK                                    0x10000278   Section      512  startup_lpc11xx.o(STACK)
    Heap_Mem                                 0x10000278   Data           0  startup_lpc11xx.o(HEAP)
    Stack_Mem                                0x10000278   Data         512  startup_lpc11xx.o(STACK)
    __initial_sp                             0x10000478   Data           0  startup_lpc11xx.o(STACK)

    Global Symbols

    Symbol Name                              Value     Ov Type        Size  Object(Section)

    BuildAttributes$$THM_ISAv3M$S$PE$A:L22$X:L11$S22$IEEE1$IW$USESV6$~STKCKD$USESV7$~SHL$OTIME$ROPI$IEEEX$EBA8$UX$STANDARDLIB$REQ8$PRES8$EABIv2 0x00000000   Number         0  anon$$obj.o ABSOLUTE
    __ARM_use_no_argv                        0x00000000   Number         0  main.o ABSOLUTE
    __Vectors                                0x00000000   Data           4  startup_lpc11xx.o(RESET)
    __ARM_exceptions_init                     - Undefined Weak Reference
    __alloca_initialize                       - Undefined Weak Reference
    __arm_preinit_                            - Undefined Weak Reference
    __cpp_initialize__aeabi_                  - Undefined Weak Reference
    __cxa_finalize                            - Undefined Weak Reference
    __rt_locale                               - Undefined Weak Reference
    __sigvec_lookup                           - Undefined Weak Reference
    _atexit_init                              - Undefined Weak Reference
    _call_atexit_fns                          - Undefined Weak Reference
    _clock_init                               - Undefined Weak Reference
    _fp_trap_init                             - Undefined Weak Reference
    _fp_trap_shutdown                         - Undefined Weak Reference
    _get_lc_collate                           - Undefined Weak Reference
    _get_lc_ctype                             - Undefined Weak Reference
    _get_lc_monetary                          - Undefined Weak Reference
    _get_lc_numeric                           - Undefined Weak Reference
    _get_lc_time                              - Undefined Weak Reference
    _getenv_init                              - Undefined Weak Reference
    _handle_redirection                       - Undefined Weak Reference
    _init_alloc                               - Undefined Weak Reference
    _init_user_alloc                          - Undefined Weak Reference
    _initio                                   - Undefined Weak Reference
    _rand_init                                - Undefined Weak Reference
    _signal_finish                            - Undefined Weak Reference
    _signal_init                              - Undefined Weak Reference
    _terminate_alloc                          - Undefined Weak Reference
    _terminate_user_alloc                     - Undefined Weak Reference
    _terminateio                              - Undefined Weak Reference
    __main                                   0x000000c1   Thumb Code     8  __main.o(!!!main)
    __scatterload                            0x000000c9   Thumb Code     0  __scatter.o(!!!scatter)
    __scatterload_rt2                        0x000000c9   Thumb Code    52  __scatter.o(!!!scatter)
    __scatterload_rt2_thumb_only             0x000000c9   Thumb Code     0  __scatter.o(!!!scatter)
    __scatterload_null                       0x000000d9   Thumb Code     0  __scatter.o(!!!scatter)
    __scatterload_zeroinit                   0x00000105   Thumb Code    28  __scatter_zi.o(!!handler_zi)
    __rt_lib_init                            0x00000121   Thumb Code     0  libinit.o(.ARM.Collect$$libinit$$00000000)
    __rt_lib_init_alloca_1                   0x00000123   Thumb Code     0  libinit2.o(.ARM.Collect$$libinit$$0000002E)
    __rt_lib_init_argv_1                     0x00000123   Thumb Code     0  libinit2.o(.ARM.Collect$$libinit$$0000002C)
    __rt_lib_init_atexit_1                   0x00000123   Thumb Code     0  libinit2.o(.ARM.Collect$$libinit$$0000001B)
    __rt_lib_init_clock_1                    0x00000123   Thumb Code     0  libinit2.o(.ARM.Collect$$libinit$$00000021)
    __rt_lib_init_cpp_1                      0x00000123   Thumb Code     0  libinit2.o(.ARM.Collect$$libinit$$00000032)
    __rt_lib_init_exceptions_1               0x00000123   Thumb Code     0  libinit2.o(.ARM.Collect$$libinit$$00000030)
    __rt_lib_init_fp_1                       0x00000123   Thumb Code     0  libinit2.o(.ARM.Collect$$libinit$$00000002)
    __rt_lib_init_fp_trap_1                  0x00000123   Thumb Code     0  libinit2.o(.ARM.Collect$$libinit$$0000001F)
    __rt_lib_init_getenv_1                   0x00000123   Thumb Code     0  libinit2.o(.ARM.Collect$$libinit$$00000023)
    __rt_lib_init_heap_1                     0x00000123   Thumb Code     0  libinit2.o(.ARM.Collect$$libinit$$0000000A)
    __rt_lib_init_lc_collate_1               0x00000123   Thumb Code     0  libinit2.o(.ARM.Collect$$libinit$$00000011)
    __rt_lib_init_lc_ctype_1                 0x00000123   Thumb Code     0  libinit2.o(.ARM.Collect$$libinit$$00000013)
    __rt_lib_init_lc_monetary_1              0x00000123   Thumb Code     0  libinit2.o(.ARM.Collect$$libinit$$00000015)
    __rt_lib_init_lc_numeric_1               0x00000123   Thumb Code     0  libinit2.o(.ARM.Collect$$libinit$$00000017)
    __rt_lib_init_lc_time_1                  0x00000123   Thumb Code     0  libinit2.o(.ARM.Collect$$libinit$$00000019)
    __rt_lib_init_preinit_1                  0x00000123   Thumb Code     0  libinit2.o(.ARM.Collect$$libinit$$00000004)
    __rt_lib_init_rand_1                     0x00000123   Thumb Code     0  libinit2.o(.ARM.Collect$$libinit$$0000000E)
    __rt_lib_init_return                     0x00000123   Thumb Code     0  libinit2.o(.ARM.Collect$$libinit$$00000033)
    __rt_lib_init_signal_1                   0x00000123   Thumb Code     0  libinit2.o(.ARM.Collect$$libinit$$0000001D)
    __rt_lib_init_stdio_1                    0x00000123   Thumb Code     0  libinit2.o(.ARM.Collect$$libinit$$00000025)
    __rt_lib_init_user_alloc_1               0x00000123   Thumb Code     0  libinit2.o(.ARM.Collect$$libinit$$0000000C)
    __rt_lib_shutdown                        0x00000125   Thumb Code     0  libshutdown.o(.ARM.Collect$$libshutdown$$00000000)
    __rt_lib_shutdown_cpp_1                  0x00000127   Thumb Code     0  libshutdown2.o(.ARM.Collect$$libshutdown$$00000002)
    __rt_lib_shutdown_fp_trap_1              0x00000127   Thumb Code     0  libshutdown2.o(.ARM.Collect$$libshutdown$$00000007)
    __rt_lib_shutdown_heap_1                 0x00000127   Thumb Code     0  libshutdown2.o(.ARM.Collect$$libshutdown$$0000000F)
    __rt_lib_shutdown_return                 0x00000127   Thumb Code     0  libshutdown2.o(.ARM.Collect$$libshutdown$$00000010)
    __rt_lib_shutdown_signal_1               0x00000127   Thumb Code     0  libshutdown2.o(.ARM.Collect$$libshutdown$$0000000A)
    __rt_lib_shutdown_stdio_1                0x00000127   Thumb Code     0  libshutdown2.o(.ARM.Collect$$libshutdown$$00000004)
    __rt_lib_shutdown_user_alloc_1           0x00000127   Thumb Code     0  libshutdown2.o(.ARM.Collect$$libshutdown$$0000000C)
    __rt_entry                               0x00000129   Thumb Code     0  __rtentry.o(.ARM.Collect$$rtentry$$00000000)
    __rt_entry_presh_1                       0x00000129   Thumb Code     0  __rtentry2.o(.ARM.Collect$$rtentry$$00000002)
    __rt_entry_sh                            0x00000129   Thumb Code     0  __rtentry4.o(.ARM.Collect$$rtentry$$00000004)
    __rt_entry_li                            0x0000012f   Thumb Code     0  __rtentry2.o(.ARM.Collect$$rtentry$$0000000A)
    __rt_entry_postsh_1                      0x0000012f   Thumb Code     0  __rtentry2.o(.ARM.Collect$$rtentry$$00000009)
    __rt_entry_main                          0x00000133   Thumb Code     0  __rtentry2.o(.ARM.Collect$$rtentry$$0000000D)
    __rt_entry_postli_1                      0x00000133   Thumb Code     0  __rtentry2.o(.ARM.Collect$$rtentry$$0000000C)
    __rt_exit                                0x0000013b   Thumb Code     0  rtexit.o(.ARM.Collect$$rtexit$$00000000)
    __rt_exit_ls                             0x0000013d   Thumb Code     0  rtexit2.o(.ARM.Collect$$rtexit$$00000003)
    __rt_exit_prels_1                        0x0000013d   Thumb Code     0  rtexit2.o(.ARM.Collect$$rtexit$$00000002)
    __rt_exit_exit                           0x00000141   Thumb Code     0  rtexit2.o(.ARM.Collect$$rtexit$$00000004)
    Reset_Handler                            0x00000149   Thumb Code     8  startup_lpc11xx.o(.text)
    NMI_Handler                              0x00000151   Thumb Code     2  startup_lpc11xx.o(.text)
    HardFault_Handler                        0x00000153   Thumb Code     2  startup_lpc11xx.o(.text)
    SVC_Handler                              0x00000155   Thumb Code     2  startup_lpc11xx.o(.text)
    PendSV_Handler                           0x00000157   Thumb Code     2  startup_lpc11xx.o(.text)
    BOD_IRQHandler                           0x0000015b   Thumb Code     0  startup_lpc11xx.o(.text)
    CAN_IRQHandler                           0x0000015b   Thumb Code     0  startup_lpc11xx.o(.text)
    FMC_IRQHandler                           0x0000015b   Thumb Code     0  startup_lpc11xx.o(.text)
    I2C_IRQHandler                           0x0000015b   Thumb Code     0  startup_lpc11xx.o(.text)
    PIOINT2_IRQHandler                       0x0000015b   Thumb Code     0  startup_lpc11xx.o(.text)
    PIOINT3_IRQHandler                       0x0000015b   Thumb Code     0  startup_lpc11xx.o(.text)
    SSP0_IRQHandler                          0x0000015b   Thumb Code     0  startup_lpc11xx.o(.text)
    SSP1_IRQHandler                          0x0000015b   Thumb Code     0  startup_lpc11xx.o(.text)
    TIMER16_0_IRQHandler                     0x0000015b   Thumb Code     0  startup_lpc11xx.o(.text)
    TIMER16_1_IRQHandler                     0x0000015b   Thumb Code     0  startup_lpc11xx.o(.text)
    TIMER32_0_IRQHandler                     0x0000015b   Thumb Code     0  startup_lpc11xx.o(.text)
    TIMER32_1_IRQHandler                     0x0000015b   Thumb Code     0  startup_lpc11xx.o(.text)
    UART_IRQHandler                          0x0000015b   Thumb Code     0  startup_lpc11xx.o(.text)
    USB_FIQHandler                           0x0000015b   Thumb Code     0  startup_lpc11xx.o(.text)
    USB_IRQHandler                           0x0000015b   Thumb Code     0  startup_lpc11xx.o(.text)
    WAKEUP_IRQHandler                        0x0000015b   Thumb Code     0  startup_lpc11xx.o(.text)
    WDT_IRQHandler                           0x0000015b   Thumb Code     0  startup_lpc11xx.o(.text)
    __user_initial_stackheap                 0x0000015d   Thumb Code     0  startup_lpc11xx.o(.text)
    __aeabi_uidiv                            0x0000017d   Thumb Code     0  aeabi_sdiv.o(.text)
    __aeabi_uidivmod                         0x0000017d   Thumb Code    20  aeabi_sdiv.o(.text)
    __aeabi_idiv                             0x00000191   Thumb Code     0  aeabi_sdiv.o(.text)
    __aeabi_idivmod                          0x00000191   Thumb Code   326  aeabi_sdiv.o(.text)
    __use_two_region_memory                  0x000002d7   Thumb Code     2  heapauxi.o(.text)
    __rt_heap_escrow$2region                 0x000002d9   Thumb Code     2  heapauxi.o(.text)
    __rt_heap_expand$2region                 0x000002db   Thumb Code     2  heapauxi.o(.text)
    __read_errno                             0x000002dd   Thumb Code    10  _rserrno.o(.text)
    __set_errno                              0x000002e7   Thumb Code    12  _rserrno.o(.text)
    __aeabi_errno_addr                       0x000002f5   Thumb Code     8  rt_errno_addr_intlibspace.o(.text)
    __errno$intlibspace                      0x000002f5   Thumb Code     0  rt_errno_addr_intlibspace.o(.text)
    __rt_errno_addr$intlibspace              0x000002f5   Thumb Code     0  rt_errno_addr_intlibspace.o(.text)
    __aeabi_d2f                              0x00000301   Thumb Code     0  d2f.o(.text)
    _d2f                                     0x00000301   Thumb Code   120  d2f.o(.text)
    __aeabi_dadd                             0x00000675   Thumb Code     0  daddsub.o(.text)
    _dadd                                    0x00000675   Thumb Code    26  daddsub.o(.text)
    __aeabi_dsub                             0x0000068f   Thumb Code     0  daddsub.o(.text)
    _dsub                                    0x0000068f   Thumb Code    22  daddsub.o(.text)
    __aeabi_drsub                            0x000006a5   Thumb Code     0  daddsub.o(.text)
    _drsb                                    0x000006a5   Thumb Code    28  daddsub.o(.text)
    __aeabi_d2iz                             0x000006d5   Thumb Code     0  dfixi.o(.text)
    _dfix                                    0x000006d5   Thumb Code    98  dfixi.o(.text)
    __aeabi_i2d_normalise                    0x00000741   Thumb Code    66  dflti.o(.text)
    __aeabi_i2d                              0x00000783   Thumb Code    16  dflti.o(.text)
    _dflt                                    0x00000783   Thumb Code     0  dflti.o(.text)
    __aeabi_ui2d                             0x00000793   Thumb Code     6  dflti.o(.text)
    _dfltu                                   0x00000793   Thumb Code     0  dflti.o(.text)
    __aeabi_dmul                             0x00000799   Thumb Code     0  dmul.o(.text)
    _dmul                                    0x00000799   Thumb Code   558  dmul.o(.text)
    __aeabi_f2d                              0x000009e1   Thumb Code     0  f2d.o(.text)
    _f2d                                     0x000009e1   Thumb Code    80  f2d.o(.text)
    __aeabi_fdiv                             0x00000a35   Thumb Code     0  fdiv.o(.text)
    _fdiv                                    0x00000a35   Thumb Code   334  fdiv.o(.text)
    _frdiv                                   0x00000b83   Thumb Code     8  fdiv.o(.text)
    __aeabi_f2iz                             0x00000b95   Thumb Code     0  ffixi.o(.text)
    _ffix                                    0x00000b95   Thumb Code    76  ffixi.o(.text)
    __aeabi_f2uiz                            0x00000be1   Thumb Code     0  ffixui.o(.text)
    _ffixu                                   0x00000be1   Thumb Code    48  ffixui.o(.text)
    __aeabi_i2f_normalise                    0x00000c11   Thumb Code    72  fflti.o(.text)
    __aeabi_i2f                              0x00000c59   Thumb Code    16  fflti.o(.text)
    _fflt                                    0x00000c59   Thumb Code     0  fflti.o(.text)
    __aeabi_ui2f                             0x00000c69   Thumb Code     6  fflti.o(.text)
    _ffltu                                   0x00000c69   Thumb Code     0  fflti.o(.text)
    __fpl_dcmp_InfNaN                        0x00000c71   Thumb Code   140  dcmpin.o(.text)
    __aeabi_ddiv                             0x00000d01   Thumb Code     0  ddiv.o(.text)
    _ddiv                                    0x00000d01   Thumb Code  1072  ddiv.o(.text)
    _drdiv                                   0x00001131   Thumb Code    20  ddiv.o(.text)
    __ARM_scalbn                             0x00001149   Thumb Code    84  dscalbn.o(.text)
    __fpl_fcmp_InfNaN                        0x000011a9   Thumb Code    96  fcmpin.o(.text)
    __fpl_cmpreturn                          0x0000120d   Thumb Code    46  cmpret.o(.text)
    __fpl_dcheck_NaN2                        0x0000123d   Thumb Code    14  dnan2.o(.text)
    _dsqrt                                   0x00001251   Thumb Code   248  dsqrt.o(.text)
    __fpl_fcheck_NaN2                        0x00001351   Thumb Code    10  fnan2.o(.text)
    __user_libspace                          0x00001361   Thumb Code     8  libspace.o(.text)
    __user_perproc_libspace                  0x00001361   Thumb Code     0  libspace.o(.text)
    __user_perthread_libspace                0x00001361   Thumb Code     0  libspace.o(.text)
    __user_setup_stackheap                   0x00001369   Thumb Code    62  sys_stackheap_outer.o(.text)
    exit                                     0x000013a7   Thumb Code    16  exit.o(.text)
    __fpl_return_NaN                         0x000013b7   Thumb Code    94  retnan.o(.text)
    _sys_exit                                0x00001415   Thumb Code     8  sys_exit.o(.text)
    __I$use$semihosting                      0x00001421   Thumb Code     0  use_no_semi.o(.text)
    __use_no_semihosting_swi                 0x00001421   Thumb Code     2  use_no_semi.o(.text)
    __decompress                             0x00001423   Thumb Code     0  __dczerorl2.o(.text)
    __decompress1                            0x00001423   Thumb Code    86  __dczerorl2.o(.text)
    __semihosting_library_function           0x00001423   Thumb Code     0  indicate_semi.o(.text)
    ADC_IRQHandler                           0x00001479   Thumb Code    84  adcinit.o(i.ADC_IRQHandler)
    LCDmenuPrint                             0x000014dd   Thumb Code   388  menufunctions.o(i.LCDmenuPrint)
    LCDsendCmd                               0x000016d1   Thumb Code   118  lcdinit.o(i.LCDsendCmd)
    LCDsendData                              0x0000174d   Thumb Code   118  lcdinit.o(i.LCDsendData)
    LCDsendNibble                            0x000017c9   Thumb Code    88  lcdinit.o(i.LCDsendNibble)
    LCDsendString                            0x0000182d   Thumb Code    22  lcdinit.o(i.LCDsendString)
    PIOINT0_IRQHandler                       0x00001845   Thumb Code   174  pioinit.o(i.PIOINT0_IRQHandler)
    PIOINT1_IRQHandler                       0x00001909   Thumb Code    54  pioinit.o(i.PIOINT1_IRQHandler)
    PIregulator                              0x0000194d   Thumb Code   188  pireg.o(i.PIregulator)
    SysTick_Handler                          0x00001a29   Thumb Code    22  functions.o(i.SysTick_Handler)
    SystemInit                               0x00001a49   Thumb Code    72  system_lpc11xx.o(i.SystemInit)
    __ARM_fpclassify                         0x00001a95   Thumb Code    40  fpclassify.o(i.__ARM_fpclassify)
    __kernel_poly                            0x00001b51   Thumb Code   172  poly.o(i.__kernel_poly)
    __mathlib_dbl_divzero                    0x00001bfd   Thumb Code    16  dunder.o(i.__mathlib_dbl_divzero)
    __mathlib_dbl_infnan2                    0x00001c11   Thumb Code     8  dunder.o(i.__mathlib_dbl_infnan2)
    __mathlib_dbl_invalid                    0x00001c19   Thumb Code    16  dunder.o(i.__mathlib_dbl_invalid)
    __mathlib_dbl_overflow                   0x00001c29   Thumb Code    16  dunder.o(i.__mathlib_dbl_overflow)
    __mathlib_dbl_underflow                  0x00001c3d   Thumb Code    14  dunder.o(i.__mathlib_dbl_underflow)
    convert                                  0x00001c51   Thumb Code   286  converting.o(i.convert)
    delay                                    0x00001dbd   Thumb Code    12  functions.o(i.delay)
    delayms                                  0x00001dc9   Thumb Code    38  functions.o(i.delayms)
    delayus                                  0x00001df9   Thumb Code    32  functions.o(i.delayus)
    floatToStr                               0x00001e21   Thumb Code   132  functions.o(i.floatToStr)
    initADCinterrupt                         0x00001ea9   Thumb Code   104  adcinit.o(i.initADCinterrupt)
    initGPIO                                 0x00001f29   Thumb Code   210  pioinit.o(i.initGPIO)
    initLCD                                  0x00002011   Thumb Code    88  lcdinit.o(i.initLCD)
    initPWM                                  0x00002069   Thumb Code    98  pwminit.o(i.initPWM)
    initSYSTICK                              0x000020d9   Thumb Code    28  functions.o(i.initSYSTICK)
    intToStr                                 0x000020f9   Thumb Code    72  functions.o(i.intToStr)
    main                                     0x00002141   Thumb Code   102  main.o(i.main)
    pow                                      0x000021c9   Thumb Code  2548  pow.o(i.pow)
    readADC                                  0x00002bc5   Thumb Code    24  adcinit.o(i.readADC)
    reverse                                  0x00002be1   Thumb Code    28  functions.o(i.reverse)
    sqrt                                     0x00002bfd   Thumb Code    66  sqrt.o(i.sqrt)
    __aeabi_cdcmple                          0x00002c45   Thumb Code     0  dlef.o(x$fpl$dleqf)
    _dcmple                                  0x00002c45   Thumb Code    94  dlef.o(x$fpl$dleqf)
    __aeabi_cdrcmple                         0x00002ca9   Thumb Code     0  drlef.o(x$fpl$drleqf)
    _drcmple                                 0x00002ca9   Thumb Code   100  drlef.o(x$fpl$drleqf)
    __aeabi_fadd                             0x00002d11   Thumb Code     0  faddsub.o(x$fpl$fadd)
    _fadd                                    0x00002d11   Thumb Code   134  faddsub.o(x$fpl$fadd)
    __aeabi_fmul                             0x00002d9d   Thumb Code     0  fmul.o(x$fpl$fmul)
    _fmul                                    0x00002d9d   Thumb Code   172  fmul.o(x$fpl$fmul)
    __aeabi_cfrcmple                         0x00002e4d   Thumb Code     0  frlef.o(x$fpl$frleqf)
    _frcmple                                 0x00002e4d   Thumb Code    84  frlef.o(x$fpl$frleqf)
    __aeabi_frsub                            0x00002ea5   Thumb Code     0  faddsub.o(x$fpl$frsb)
    _frsb                                    0x00002ea5   Thumb Code    24  faddsub.o(x$fpl$frsb)
    __aeabi_fsub                             0x00002ebd   Thumb Code     0  faddsub.o(x$fpl$fsub)
    _fsub                                    0x00002ebd   Thumb Code   204  faddsub.o(x$fpl$fsub)
    __I$use$fp                               0x00002f8c   Number         0  usenofp.o(x$fpl$usenofp)
    __mathlib_zero                           0x000030d8   Data           8  qnan.o(.constdata)
    Region$$Table$$Base                      0x000030e0   Number         0  anon$$obj.o(Region$$Table)
    Region$$Table$$Limit                     0x00003100   Number         0  anon$$obj.o(Region$$Table)
    counter                                  0x10000000   Data           4  main.o(.data)
    msTicks                                  0x10000004   Data           4  functions.o(.data)
    widthTicks                               0x10000008   Data           4  functions.o(.data)
    dutyCycleTicks                           0x1000000c   Data           4  functions.o(.data)
    error                                    0x10000010   Data           8  pireg.o(.data)
    integral                                 0x10000018   Data           8  pireg.o(.data)
    main_menu                                0x10000020   Data          64  menufunctions.o(.data)
    width_menu                               0x10000060   Data          72  menufunctions.o(.data)
    peak_menu                                0x100000a8   Data          72  menufunctions.o(.data)
    cycle_menu                               0x100000f0   Data          55  menufunctions.o(.data)
    width                                    0x10000128   Data          36  menufunctions.o(.data)
    peak                                     0x1000014c   Data          36  menufunctions.o(.data)
    cycle                                    0x10000170   Data          44  menufunctions.o(.data)
    menu_pointer                             0x1000019c   Data           4  menufunctions.o(.data)
    width_pointer                            0x100001a0   Data           4  menufunctions.o(.data)
    peak_pointer                             0x100001a4   Data           4  menufunctions.o(.data)
    cycle_pointer                            0x100001a8   Data           4  menufunctions.o(.data)
    current_menu_pointer                     0x100001ac   Data           4  menufunctions.o(.data)
    preState                                 0x100001b0   Data           4  menufunctions.o(.data)
    menu_pointerMAX                          0x100001b4   Data           4  menufunctions.o(.data)
    current_menu_pointerMAX                  0x100001b8   Data           4  menufunctions.o(.data)
    currentSens                              0x100001bc   Data           8  menufunctions.o(.data)
    voltageSens                              0x100001c4   Data           8  menufunctions.o(.data)
    currentSet                               0x100001cc   Data           8  menufunctions.o(.data)
    powerString                              0x100001d4   Data           8  menufunctions.o(.data)
    widthSetpoint                            0x100001dc   Data           4  menufunctions.o(.data)
    cycleSetpoint                            0x100001e0   Data           4  menufunctions.o(.data)
    powerWatt                                0x100001e4   Data           4  converting.o(.data)
    PWM                                      0x100001e8   Data           4  converting.o(.data)
    peakCurrentSetpoint                      0x100001ec   Data           4  converting.o(.data)
    adBuffer                                 0x100001f0   Data          12  adcinit.o(.bss)
    adFloatBuffer                            0x100001fc   Data          12  menufunctions.o(.bss)
    adReadBuffer                             0x10000208   Data          12  converting.o(.bss)
    __libspace_start                         0x10000214   Data          96  libspace.o(.bss)
    __temporary_stack_top$libspace           0x10000274   Data           0  libspace.o(.bss)



==============================================================================

Memory Map of the image

  Image Entry point : 0x00000149

  Load Region LR_1 (Base: 0x00000000, Size: 0x000032f0, Max: 0xffffffff, ABSOLUTE, COMPRESSED[0x000031d8])

    Execution Region ER_RO (Exec base: 0x00000000, Load base: 0x00000000, Size: 0x00003100, Max: 0xffffffff, ABSOLUTE)

    Exec Addr    Load Addr    Size         Type   Attr      Idx    E Section Name        Object

    0x00000000   0x00000000   0x000000c0   Data   RO          384    RESET               startup_lpc11xx.o
    0x000000c0   0x000000c0   0x00000008   Code   RO          434  * !!!main             c_p.l(__main.o)
    0x000000c8   0x000000c8   0x0000003c   Code   RO          704    !!!scatter          c_p.l(__scatter.o)
    0x00000104   0x00000104   0x0000001c   Code   RO          706    !!handler_zi        c_p.l(__scatter_zi.o)
    0x00000120   0x00000120   0x00000002   Code   RO          572    .ARM.Collect$$libinit$$00000000  c_p.l(libinit.o)
    0x00000122   0x00000122   0x00000000   Code   RO          585    .ARM.Collect$$libinit$$00000002  c_p.l(libinit2.o)
    0x00000122   0x00000122   0x00000000   Code   RO          587    .ARM.Collect$$libinit$$00000004  c_p.l(libinit2.o)
    0x00000122   0x00000122   0x00000000   Code   RO          590    .ARM.Collect$$libinit$$0000000A  c_p.l(libinit2.o)
    0x00000122   0x00000122   0x00000000   Code   RO          592    .ARM.Collect$$libinit$$0000000C  c_p.l(libinit2.o)
    0x00000122   0x00000122   0x00000000   Code   RO          594    .ARM.Collect$$libinit$$0000000E  c_p.l(libinit2.o)
    0x00000122   0x00000122   0x00000000   Code   RO          597    .ARM.Collect$$libinit$$00000011  c_p.l(libinit2.o)
    0x00000122   0x00000122   0x00000000   Code   RO          599    .ARM.Collect$$libinit$$00000013  c_p.l(libinit2.o)
    0x00000122   0x00000122   0x00000000   Code   RO          601    .ARM.Collect$$libinit$$00000015  c_p.l(libinit2.o)
    0x00000122   0x00000122   0x00000000   Code   RO          603    .ARM.Collect$$libinit$$00000017  c_p.l(libinit2.o)
    0x00000122   0x00000122   0x00000000   Code   RO          605    .ARM.Collect$$libinit$$00000019  c_p.l(libinit2.o)
    0x00000122   0x00000122   0x00000000   Code   RO          607    .ARM.Collect$$libinit$$0000001B  c_p.l(libinit2.o)
    0x00000122   0x00000122   0x00000000   Code   RO          609    .ARM.Collect$$libinit$$0000001D  c_p.l(libinit2.o)
    0x00000122   0x00000122   0x00000000   Code   RO          611    .ARM.Collect$$libinit$$0000001F  c_p.l(libinit2.o)
    0x00000122   0x00000122   0x00000000   Code   RO          613    .ARM.Collect$$libinit$$00000021  c_p.l(libinit2.o)
    0x00000122   0x00000122   0x00000000   Code   RO          615    .ARM.Collect$$libinit$$00000023  c_p.l(libinit2.o)
    0x00000122   0x00000122   0x00000000   Code   RO          617    .ARM.Collect$$libinit$$00000025  c_p.l(libinit2.o)
    0x00000122   0x00000122   0x00000000   Code   RO          621    .ARM.Collect$$libinit$$0000002C  c_p.l(libinit2.o)
    0x00000122   0x00000122   0x00000000   Code   RO          623    .ARM.Collect$$libinit$$0000002E  c_p.l(libinit2.o)
    0x00000122   0x00000122   0x00000000   Code   RO          625    .ARM.Collect$$libinit$$00000030  c_p.l(libinit2.o)
    0x00000122   0x00000122   0x00000000   Code   RO          627    .ARM.Collect$$libinit$$00000032  c_p.l(libinit2.o)
    0x00000122   0x00000122   0x00000002   Code   RO          628    .ARM.Collect$$libinit$$00000033  c_p.l(libinit2.o)
    0x00000124   0x00000124   0x00000002   Code   RO          659    .ARM.Collect$$libshutdown$$00000000  c_p.l(libshutdown.o)
    0x00000126   0x00000126   0x00000000   Code   RO          685    .ARM.Collect$$libshutdown$$00000002  c_p.l(libshutdown2.o)
    0x00000126   0x00000126   0x00000000   Code   RO          687    .ARM.Collect$$libshutdown$$00000004  c_p.l(libshutdown2.o)
    0x00000126   0x00000126   0x00000000   Code   RO          690    .ARM.Collect$$libshutdown$$00000007  c_p.l(libshutdown2.o)
    0x00000126   0x00000126   0x00000000   Code   RO          693    .ARM.Collect$$libshutdown$$0000000A  c_p.l(libshutdown2.o)
    0x00000126   0x00000126   0x00000000   Code   RO          695    .ARM.Collect$$libshutdown$$0000000C  c_p.l(libshutdown2.o)
    0x00000126   0x00000126   0x00000000   Code   RO          698    .ARM.Collect$$libshutdown$$0000000F  c_p.l(libshutdown2.o)
    0x00000126   0x00000126   0x00000002   Code   RO          699    .ARM.Collect$$libshutdown$$00000010  c_p.l(libshutdown2.o)
    0x00000128   0x00000128   0x00000000   Code   RO          479    .ARM.Collect$$rtentry$$00000000  c_p.l(__rtentry.o)
    0x00000128   0x00000128   0x00000000   Code   RO          526    .ARM.Collect$$rtentry$$00000002  c_p.l(__rtentry2.o)
    0x00000128   0x00000128   0x00000006   Code   RO          538    .ARM.Collect$$rtentry$$00000004  c_p.l(__rtentry4.o)
    0x0000012e   0x0000012e   0x00000000   Code   RO          528    .ARM.Collect$$rtentry$$00000009  c_p.l(__rtentry2.o)
    0x0000012e   0x0000012e   0x00000004   Code   RO          529    .ARM.Collect$$rtentry$$0000000A  c_p.l(__rtentry2.o)
    0x00000132   0x00000132   0x00000000   Code   RO          531    .ARM.Collect$$rtentry$$0000000C  c_p.l(__rtentry2.o)
    0x00000132   0x00000132   0x00000008   Code   RO          532    .ARM.Collect$$rtentry$$0000000D  c_p.l(__rtentry2.o)
    0x0000013a   0x0000013a   0x00000002   Code   RO          576    .ARM.Collect$$rtexit$$00000000  c_p.l(rtexit.o)
    0x0000013c   0x0000013c   0x00000000   Code   RO          632    .ARM.Collect$$rtexit$$00000002  c_p.l(rtexit2.o)
    0x0000013c   0x0000013c   0x00000004   Code   RO          633    .ARM.Collect$$rtexit$$00000003  c_p.l(rtexit2.o)
    0x00000140   0x00000140   0x00000006   Code   RO          634    .ARM.Collect$$rtexit$$00000004  c_p.l(rtexit2.o)
    0x00000146   0x00000146   0x00000002   PAD
    0x00000148   0x00000148   0x00000034   Code   RO          386  * .text               startup_lpc11xx.o
    0x0000017c   0x0000017c   0x0000015a   Code   RO          428    .text               c_p.l(aeabi_sdiv.o)
    0x000002d6   0x000002d6   0x00000006   Code   RO          432    .text               c_p.l(heapauxi.o)
    0x000002dc   0x000002dc   0x00000016   Code   RO          484    .text               c_p.l(_rserrno.o)
    0x000002f2   0x000002f2   0x00000002   PAD
    0x000002f4   0x000002f4   0x00000008   Code   RO          545    .text               c_p.l(rt_errno_addr_intlibspace.o)
    0x000002fc   0x000002fc   0x00000004   Code   RO          385    .ARM.__at_0x02FC    startup_lpc11xx.o
    0x00000300   0x00000300   0x0000007c   Code   RO          436    .text               fz_ps.l(d2f.o)
    0x0000037c   0x0000037c   0x00000358   Code   RO          438    .text               fz_ps.l(daddsub.o)
    0x000006d4   0x000006d4   0x0000006c   Code   RO          440    .text               fz_ps.l(dfixi.o)
    0x00000740   0x00000740   0x00000058   Code   RO          442    .text               fz_ps.l(dflti.o)
    0x00000798   0x00000798   0x00000248   Code   RO          446    .text               fz_ps.l(dmul.o)
    0x000009e0   0x000009e0   0x00000054   Code   RO          448    .text               fz_ps.l(f2d.o)
    0x00000a34   0x00000a34   0x00000160   Code   RO          456    .text               fz_ps.l(fdiv.o)
    0x00000b94   0x00000b94   0x0000004c   Code   RO          459    .text               fz_ps.l(ffixi.o)
    0x00000be0   0x00000be0   0x00000030   Code   RO          461    .text               fz_ps.l(ffixui.o)
    0x00000c10   0x00000c10   0x0000005e   Code   RO          463    .text               fz_ps.l(fflti.o)
    0x00000c6e   0x00000c6e   0x00000002   PAD
    0x00000c70   0x00000c70   0x00000090   Code   RO          486    .text               fz_ps.l(dcmpin.o)
    0x00000d00   0x00000d00   0x00000448   Code   RO          488    .text               fz_ps.l(ddiv.o)
    0x00001148   0x00001148   0x00000060   Code   RO          493    .text               fz_ps.l(dscalbn.o)
    0x000011a8   0x000011a8   0x00000064   Code   RO          495    .text               fz_ps.l(fcmpin.o)
    0x0000120c   0x0000120c   0x0000002e   Code   RO          547    .text               fz_ps.l(cmpret.o)
    0x0000123a   0x0000123a   0x00000002   PAD
    0x0000123c   0x0000123c   0x00000014   Code   RO          549    .text               fz_ps.l(dnan2.o)
    0x00001250   0x00001250   0x00000100   Code   RO          551    .text               fz_ps.l(dsqrt.o)
    0x00001350   0x00001350   0x00000010   Code   RO          553    .text               fz_ps.l(fnan2.o)
    0x00001360   0x00001360   0x00000008   Code   RO          555    .text               c_p.l(libspace.o)
    0x00001368   0x00001368   0x0000003e   Code   RO          558    .text               c_p.l(sys_stackheap_outer.o)
    0x000013a6   0x000013a6   0x00000010   Code   RO          561    .text               c_p.l(exit.o)
    0x000013b6   0x000013b6   0x0000005e   Code   RO          573    .text               fz_ps.l(retnan.o)
    0x00001414   0x00001414   0x0000000c   Code   RO          629    .text               c_p.l(sys_exit.o)
    0x00001420   0x00001420   0x00000002   Code   RO          648    .text               c_p.l(use_no_semi.o)
    0x00001422   0x00001422   0x00000000   Code   RO          650    .text               c_p.l(indicate_semi.o)
    0x00001422   0x00001422   0x00000056   Code   RO          702    .text               c_p.l(__dczerorl2.o)
    0x00001478   0x00001478   0x00000064   Code   RO          194    i.ADC_IRQHandler    adcinit.o
    0x000014dc   0x000014dc   0x000001f4   Code   RO          334    i.LCDmenuPrint      menufunctions.o
    0x000016d0   0x000016d0   0x0000007c   Code   RO          127    i.LCDsendCmd        lcdinit.o
    0x0000174c   0x0000174c   0x0000007c   Code   RO          128    i.LCDsendData       lcdinit.o
    0x000017c8   0x000017c8   0x00000064   Code   RO          129    i.LCDsendNibble     lcdinit.o
    0x0000182c   0x0000182c   0x00000016   Code   RO          130    i.LCDsendString     lcdinit.o
    0x00001842   0x00001842   0x00000002   PAD
    0x00001844   0x00001844   0x000000c4   Code   RO           80    i.PIOINT0_IRQHandler  pioinit.o
    0x00001908   0x00001908   0x00000044   Code   RO           81    i.PIOINT1_IRQHandler  pioinit.o
    0x0000194c   0x0000194c   0x000000dc   Code   RO          311    i.PIregulator       pireg.o
    0x00001a28   0x00001a28   0x00000020   Code   RO          238    i.SysTick_Handler   functions.o
    0x00001a48   0x00001a48   0x0000004c   Code   RO          395    i.SystemInit        system_lpc11xx.o
    0x00001a94   0x00001a94   0x0000002c   Code   RO          512    i.__ARM_fpclassify  m_ps.l(fpclassify.o)
    0x00001ac0   0x00001ac0   0x00000018   Code   RO           82    i.__NVIC_EnableIRQ  pioinit.o
    0x00001ad8   0x00001ad8   0x00000078   Code   RO          239    i.__NVIC_SetPriority  functions.o
    0x00001b50   0x00001b50   0x000000ac   Code   RO          514    i.__kernel_poly     m_ps.l(poly.o)
    0x00001bfc   0x00001bfc   0x00000014   Code   RO          498    i.__mathlib_dbl_divzero  m_ps.l(dunder.o)
    0x00001c10   0x00001c10   0x00000008   Code   RO          500    i.__mathlib_dbl_infnan2  m_ps.l(dunder.o)
    0x00001c18   0x00001c18   0x00000010   Code   RO          501    i.__mathlib_dbl_invalid  m_ps.l(dunder.o)
    0x00001c28   0x00001c28   0x00000014   Code   RO          502    i.__mathlib_dbl_overflow  m_ps.l(dunder.o)
    0x00001c3c   0x00001c3c   0x00000014   Code   RO          504    i.__mathlib_dbl_underflow  m_ps.l(dunder.o)
    0x00001c50   0x00001c50   0x0000016c   Code   RO          359    i.convert           converting.o
    0x00001dbc   0x00001dbc   0x0000000c   Code   RO          240    i.delay             functions.o
    0x00001dc8   0x00001dc8   0x00000030   Code   RO          241    i.delayms           functions.o
    0x00001df8   0x00001df8   0x00000028   Code   RO          242    i.delayus           functions.o
    0x00001e20   0x00001e20   0x00000088   Code   RO          243    i.floatToStr        functions.o
    0x00001ea8   0x00001ea8   0x00000080   Code   RO          196    i.initADCinterrupt  adcinit.o
    0x00001f28   0x00001f28   0x000000e8   Code   RO           83    i.initGPIO          pioinit.o
    0x00002010   0x00002010   0x00000058   Code   RO          131    i.initLCD           lcdinit.o
    0x00002068   0x00002068   0x00000070   Code   RO          174    i.initPWM           pwminit.o
    0x000020d8   0x000020d8   0x00000020   Code   RO          244    i.initSYSTICK       functions.o
    0x000020f8   0x000020f8   0x00000048   Code   RO          245    i.intToStr          functions.o
    0x00002140   0x00002140   0x00000088   Code   RO            3    i.main              main.o
    0x000021c8   0x000021c8   0x000009fc   Code   RO          470    i.pow               m_ps.l(pow.o)
    0x00002bc4   0x00002bc4   0x0000001c   Code   RO          197    i.readADC           adcinit.o
    0x00002be0   0x00002be0   0x0000001c   Code   RO          246    i.reverse           functions.o
    0x00002bfc   0x00002bfc   0x00000048   Code   RO          518    i.sqrt              m_ps.l(sqrt.o)
    0x00002c44   0x00002c44   0x00000064   Code   RO          444    x$fpl$dleqf         fz_ps.l(dlef.o)
    0x00002ca8   0x00002ca8   0x00000068   Code   RO          491    x$fpl$drleqf        fz_ps.l(drlef.o)
    0x00002d10   0x00002d10   0x0000008c   Code   RO          450    x$fpl$fadd          fz_ps.l(faddsub.o)
    0x00002d9c   0x00002d9c   0x000000b0   Code   RO          465    x$fpl$fmul          fz_ps.l(fmul.o)
    0x00002e4c   0x00002e4c   0x00000058   Code   RO          467    x$fpl$frleqf        fz_ps.l(frlef.o)
    0x00002ea4   0x00002ea4   0x00000018   Code   RO          451    x$fpl$frsb          fz_ps.l(faddsub.o)
    0x00002ebc   0x00002ebc   0x000000d0   Code   RO          452    x$fpl$fsub          fz_ps.l(faddsub.o)
    0x00002f8c   0x00002f8c   0x00000000   Code   RO          497    x$fpl$usenofp       fz_ps.l(usenofp.o)
    0x00002f8c   0x00002f8c   0x00000040   Data   RO          457    .constdata          fz_ps.l(fdiv.o)
    0x00002fcc   0x00002fcc   0x00000004   PAD
    0x00002fd0   0x00002fd0   0x00000088   Data   RO          471    .constdata          m_ps.l(pow.o)
    0x00003058   0x00003058   0x00000080   Data   RO          489    .constdata          fz_ps.l(ddiv.o)
    0x000030d8   0x000030d8   0x00000008   Data   RO          516    .constdata          m_ps.l(qnan.o)
    0x000030e0   0x000030e0   0x00000020   Data   RO          700    Region$$Table       anon$$obj.o


    Execution Region ER_RW (Exec base: 0x10000000, Load base: 0x00003100, Size: 0x000001f0, Max: 0xffffffff, ABSOLUTE, COMPRESSED[0x000000d8])

    Exec Addr    Load Addr    Size         Type   Attr      Idx    E Section Name        Object

    0x10000000   COMPRESSED   0x00000004   Data   RW            4    .data               main.o
    0x10000004   COMPRESSED   0x0000000c   Data   RW          247    .data               functions.o
    0x10000010   COMPRESSED   0x00000010   Data   RW          312    .data               pireg.o
    0x10000020   COMPRESSED   0x000001c4   Data   RW          336    .data               menufunctions.o
    0x100001e4   COMPRESSED   0x0000000c   Data   RW          361    .data               converting.o


    Execution Region ER_ZI (Exec base: 0x100001f0, Load base: 0x000031d8, Size: 0x00000288, Max: 0xffffffff, ABSOLUTE)

    Exec Addr    Load Addr    Size         Type   Attr      Idx    E Section Name        Object

    0x100001f0        -       0x0000000c   Zero   RW          198    .bss                adcinit.o
    0x100001fc        -       0x0000000c   Zero   RW          335    .bss                menufunctions.o
    0x10000208        -       0x0000000c   Zero   RW          360    .bss                converting.o
    0x10000214        -       0x00000060   Zero   RW          556    .bss                c_p.l(libspace.o)
    0x10000274   0x000031d8   0x00000004   PAD
    0x10000278        -       0x00000000   Zero   RW          383    HEAP                startup_lpc11xx.o
    0x10000278        -       0x00000200   Zero   RW          382    STACK               startup_lpc11xx.o


==============================================================================

Image component sizes


      Code (inc. data)   RO Data    RW Data    ZI Data      Debug   Object Name

       256         44          0          0         12      10177   adcinit.o
       364         78          0         12         12       1848   converting.o
       520         46          0         12          0      12642   functions.o
       458         24          0          0          0       2369   lcdinit.o
       136         34          0          4          0      20877   main.o
       500        112          0        452         12       2435   menufunctions.o
       520         64          0          0          0       1777   pioinit.o
       220         32          0         16          0        847   pireg.o
       112         14          0          0          0        410   pwminit.o
        56         26        192          0        512        844   startup_lpc11xx.o
        76          4          0          0          0       1561   system_lpc11xx.o

    ----------------------------------------------------------------------
      3220        478        224        496        548      55787   Object Totals
         0          0         32          0          0          0   (incl. Generated)
         2          0          0          0          0          0   (incl. Padding)

    ----------------------------------------------------------------------

      Code (inc. data)   RO Data    RW Data    ZI Data      Debug   Library Member Name

        86          0          0          0          0          0   __dczerorl2.o
         8          0          0          0          0         68   __main.o
         0          0          0          0          0          0   __rtentry.o
        12          0          0          0          0          0   __rtentry2.o
         6          0          0          0          0          0   __rtentry4.o
        60          8          0          0          0          0   __scatter.o
        28          0          0          0          0          0   __scatter_zi.o
        22          0          0          0          0         92   _rserrno.o
       346          0          0          0          0         92   aeabi_sdiv.o
        16          0          0          0          0         68   exit.o
         6          0          0          0          0        136   heapauxi.o
         0          0          0          0          0          0   indicate_semi.o
         2          0          0          0          0          0   libinit.o
         2          0          0          0          0          0   libinit2.o
         2          0          0          0          0          0   libshutdown.o
         2          0          0          0          0          0   libshutdown2.o
         8          4          0          0         96         68   libspace.o
         8          4          0          0          0         68   rt_errno_addr_intlibspace.o
         2          0          0          0          0          0   rtexit.o
        10          0          0          0          0          0   rtexit2.o
        12          4          0          0          0         60   sys_exit.o
        62          0          0          0          0         80   sys_stackheap_outer.o
         2          0          0          0          0         68   use_no_semi.o
        46          0          0          0          0         60   cmpret.o
       124          4          0          0          0         72   d2f.o
       856         20          0          0          0        208   daddsub.o
       144          4          0          0          0         76   dcmpin.o
      1096         26        128          0          0        112   ddiv.o
       108         10          0          0          0         72   dfixi.o
        88          0          0          0          0         92   dflti.o
       100          4          0          0          0         92   dlef.o
       584         26          0          0          0         84   dmul.o
        20          6          0          0          0         68   dnan2.o
       104          4          0          0          0        104   drlef.o
        96         12          0          0          0         72   dscalbn.o
       256          8          0          0          0         76   dsqrt.o
        84          4          0          0          0         60   f2d.o
       372          8          0          0          0        240   faddsub.o
       100          4          0          0          0         68   fcmpin.o
       352         10         64          0          0         92   fdiv.o
        76          0          0          0          0         68   ffixi.o
        48          0          0          0          0         60   ffixui.o
        94          0          0          0          0         92   fflti.o
       176          4          0          0          0         80   fmul.o
        16          6          0          0          0         68   fnan2.o
        88          4          0          0          0         76   frlef.o
        94          0          0          0          0         68   retnan.o
         0          0          0          0          0          0   usenofp.o
        84         14          0          0          0        340   dunder.o
        44          4          0          0          0         60   fpclassify.o
       172          0          0          0          0         76   poly.o
      2556        196        136          0          0        240   pow.o
         0          0          8          0          0          0   qnan.o
        72          6          0          0          0         76   sqrt.o

    ----------------------------------------------------------------------
      8760        404        340          0        100       3752   Library Totals
         8          0          4          0          4          0   (incl. Padding)

    ----------------------------------------------------------------------

      Code (inc. data)   RO Data    RW Data    ZI Data      Debug   Library Name

       702         20          0          0         96        800   c_p.l
      5122        164        192          0          0       2160   fz_ps.l
      2928        220        144          0          0        792   m_ps.l

    ----------------------------------------------------------------------
      8760        404        340          0        100       3752   Library Totals

    ----------------------------------------------------------------------

==============================================================================


      Code (inc. data)   RO Data    RW Data    ZI Data      Debug   

     11980        882        564        496        648      56607   Grand Totals
     11980        882        564        216        648      56607   ELF Image Totals (compressed)
     11980        882        564        216          0          0   ROM Totals

==============================================================================

    Total RO  Size (Code + RO Data)                12544 (  12.25kB)
    Total RW  Size (RW Data + ZI Data)              1144 (   1.12kB)
    Total ROM Size (Code + RO Data + RW Data)      12760 (  12.46kB)

==============================================================================

